Archive member included to satisfy reference by file (symbol)

C:/ST/STM32CubeIDE_1.17.0/STM32CubeIDE/plugins/com.st.stm32cube.ide.mcu.externaltools.gnu-tools-for-stm32.13.3.rel1.win32_1.0.0.202411081344/tools/bin/../lib/gcc/arm-none-eabi/13.3.1/../../../../arm-none-eabi/lib/thumb/v7e-m+fp/hard\libc_nano.a(libc_a-exit.o)
                              C:/ST/STM32CubeIDE_1.17.0/STM32CubeIDE/plugins/com.st.stm32cube.ide.mcu.externaltools.gnu-tools-for-stm32.13.3.rel1.win32_1.0.0.202411081344/tools/bin/../lib/gcc/arm-none-eabi/13.3.1/../../../../arm-none-eabi/lib/thumb/v7e-m+fp/hard/crt0.o (exit)
C:/ST/STM32CubeIDE_1.17.0/STM32CubeIDE/plugins/com.st.stm32cube.ide.mcu.externaltools.gnu-tools-for-stm32.13.3.rel1.win32_1.0.0.202411081344/tools/bin/../lib/gcc/arm-none-eabi/13.3.1/../../../../arm-none-eabi/lib/thumb/v7e-m+fp/hard\libc_nano.a(libc_a-malloc.o)
                              ./Core/Src/ioLibrary_Driver-master/Internet/httpServer/httpServer.o (malloc)
C:/ST/STM32CubeIDE_1.17.0/STM32CubeIDE/plugins/com.st.stm32cube.ide.mcu.externaltools.gnu-tools-for-stm32.13.3.rel1.win32_1.0.0.202411081344/tools/bin/../lib/gcc/arm-none-eabi/13.3.1/../../../../arm-none-eabi/lib/thumb/v7e-m+fp/hard\libc_nano.a(libc_a-mallocr.o)
                              C:/ST/STM32CubeIDE_1.17.0/STM32CubeIDE/plugins/com.st.stm32cube.ide.mcu.externaltools.gnu-tools-for-stm32.13.3.rel1.win32_1.0.0.202411081344/tools/bin/../lib/gcc/arm-none-eabi/13.3.1/../../../../arm-none-eabi/lib/thumb/v7e-m+fp/hard\libc_nano.a(libc_a-malloc.o) (_malloc_r)
C:/ST/STM32CubeIDE_1.17.0/STM32CubeIDE/plugins/com.st.stm32cube.ide.mcu.externaltools.gnu-tools-for-stm32.13.3.rel1.win32_1.0.0.202411081344/tools/bin/../lib/gcc/arm-none-eabi/13.3.1/../../../../arm-none-eabi/lib/thumb/v7e-m+fp/hard\libc_nano.a(libc_a-mlock.o)
                              C:/ST/STM32CubeIDE_1.17.0/STM32CubeIDE/plugins/com.st.stm32cube.ide.mcu.externaltools.gnu-tools-for-stm32.13.3.rel1.win32_1.0.0.202411081344/tools/bin/../lib/gcc/arm-none-eabi/13.3.1/../../../../arm-none-eabi/lib/thumb/v7e-m+fp/hard\libc_nano.a(libc_a-mallocr.o) (__malloc_lock)
C:/ST/STM32CubeIDE_1.17.0/STM32CubeIDE/plugins/com.st.stm32cube.ide.mcu.externaltools.gnu-tools-for-stm32.13.3.rel1.win32_1.0.0.202411081344/tools/bin/../lib/gcc/arm-none-eabi/13.3.1/../../../../arm-none-eabi/lib/thumb/v7e-m+fp/hard\libc_nano.a(libc_a-strtol.o)
                              ./Core/Src/ioLibrary_Driver-master/Internet/TFTP/netutil.o (strtol)
C:/ST/STM32CubeIDE_1.17.0/STM32CubeIDE/plugins/com.st.stm32cube.ide.mcu.externaltools.gnu-tools-for-stm32.13.3.rel1.win32_1.0.0.202411081344/tools/bin/../lib/gcc/arm-none-eabi/13.3.1/../../../../arm-none-eabi/lib/thumb/v7e-m+fp/hard\libc_nano.a(libc_a-ctype_.o)
                              ./Core/Src/ioLibrary_Driver-master/Internet/SNMP/snmp.o (_ctype_)
C:/ST/STM32CubeIDE_1.17.0/STM32CubeIDE/plugins/com.st.stm32cube.ide.mcu.externaltools.gnu-tools-for-stm32.13.3.rel1.win32_1.0.0.202411081344/tools/bin/../lib/gcc/arm-none-eabi/13.3.1/../../../../arm-none-eabi/lib/thumb/v7e-m+fp/hard\libc_nano.a(libc_a-findfp.o)
                              C:/ST/STM32CubeIDE_1.17.0/STM32CubeIDE/plugins/com.st.stm32cube.ide.mcu.externaltools.gnu-tools-for-stm32.13.3.rel1.win32_1.0.0.202411081344/tools/bin/../lib/gcc/arm-none-eabi/13.3.1/../../../../arm-none-eabi/lib/thumb/v7e-m+fp/hard\libc_nano.a(libc_a-exit.o) (__stdio_exit_handler)
C:/ST/STM32CubeIDE_1.17.0/STM32CubeIDE/plugins/com.st.stm32cube.ide.mcu.externaltools.gnu-tools-for-stm32.13.3.rel1.win32_1.0.0.202411081344/tools/bin/../lib/gcc/arm-none-eabi/13.3.1/../../../../arm-none-eabi/lib/thumb/v7e-m+fp/hard\libc_nano.a(libc_a-fwalk.o)
                              C:/ST/STM32CubeIDE_1.17.0/STM32CubeIDE/plugins/com.st.stm32cube.ide.mcu.externaltools.gnu-tools-for-stm32.13.3.rel1.win32_1.0.0.202411081344/tools/bin/../lib/gcc/arm-none-eabi/13.3.1/../../../../arm-none-eabi/lib/thumb/v7e-m+fp/hard\libc_nano.a(libc_a-findfp.o) (_fwalk_sglue)
C:/ST/STM32CubeIDE_1.17.0/STM32CubeIDE/plugins/com.st.stm32cube.ide.mcu.externaltools.gnu-tools-for-stm32.13.3.rel1.win32_1.0.0.202411081344/tools/bin/../lib/gcc/arm-none-eabi/13.3.1/../../../../arm-none-eabi/lib/thumb/v7e-m+fp/hard\libc_nano.a(libc_a-printf.o)
                              ./Core/Src/ioLibrary_Driver-master/Application/loopback/loopback.o (printf)
C:/ST/STM32CubeIDE_1.17.0/STM32CubeIDE/plugins/com.st.stm32cube.ide.mcu.externaltools.gnu-tools-for-stm32.13.3.rel1.win32_1.0.0.202411081344/tools/bin/../lib/gcc/arm-none-eabi/13.3.1/../../../../arm-none-eabi/lib/thumb/v7e-m+fp/hard\libc_nano.a(libc_a-putchar.o)
                              ./Core/Src/ioLibrary_Driver-master/Application/multicast/multicast.o (putchar)
C:/ST/STM32CubeIDE_1.17.0/STM32CubeIDE/plugins/com.st.stm32cube.ide.mcu.externaltools.gnu-tools-for-stm32.13.3.rel1.win32_1.0.0.202411081344/tools/bin/../lib/gcc/arm-none-eabi/13.3.1/../../../../arm-none-eabi/lib/thumb/v7e-m+fp/hard\libc_nano.a(libc_a-puts.o)
[...]
Memory Configuration

Name             Origin             Length             Attributes
CCMRAM           0x10000000         0x00001000         xrw
RAM              0x20000000         0x00003000         xrw
FLASH            0x08000000         0x00010000         xr
*default*        0x00000000         0xffffffff

Linker script and memory map

LOAD C:/ST/STM32CubeIDE_1.17.0/STM32CubeIDE/plugins/com.st.stm32cube.ide.mcu.externaltools.gnu-tools-for-stm32.13.3.rel1.win32_1.0.0.202411081344/tools/bin/../lib/gcc/arm-none-eabi/13.3.1/thumb/v7e-m+fp/hard/crti.o
LOAD C:/ST/STM32CubeIDE_1.17.0/STM32CubeIDE/plugins/com.st.stm32cube.ide.mcu.externaltools.gnu-tools-for-stm32.13.3.rel1.win32_1.0.0.202411081344/tools/bin/../lib/gcc/arm-none-eabi/13.3.1/thumb/v7e-m+fp/hard/crtbegin.o
LOAD C:/ST/STM32CubeIDE_1.17.0/STM32CubeIDE/plugins/com.st.stm32cube.ide.mcu.externaltools.gnu-tools-for-stm32.13.3.rel1.win32_1.0.0.202411081344/tools/bin/../lib/gcc/arm-none-eabi/13.3.1/../../../../arm-none-eabi/lib/thumb/v7e-m+fp/hard/crt0.o
LOAD ./Core/Src/ioLibrary_Driver-master/Application/loopback/loopback.o
LOAD ./Core/Src/ioLibrary_Driver-master/Application/multicast/multicast.o
LOAD ./Core/Src/ioLibrary_Driver-master/Ethernet/W5100/w5100.o
LOAD ./Core/Src/ioLibrary_Driver-master/Ethernet/W5100S/w5100s.o
LOAD ./Core/Src/ioLibrary_Driver-master/Ethernet/W5200/w5200.o
LOAD ./Core/Src/ioLibrary_Driver-master/Ethernet/W5300/w5300.o
LOAD ./Core/Src/ioLibrary_Driver-master/Ethernet/W5500/w5500.o
LOAD ./Core/Src/ioLibrary_Driver-master/Ethernet/W6100/w6100.o
LOAD ./Core/Src/ioLibrary_Driver-master/Ethernet/W6300/w6300.o
LOAD ./Core/Src/ioLibrary_Driver-master/Ethernet/socket.o
LOAD ./Core/Src/ioLibrary_Driver-master/Ethernet/wizchip_conf.o
LOAD ./Core/Src/ioLibrary_Driver-master/Internet/AAC/AddressAutoConfig.o
LOAD ./Core/Src/ioLibrary_Driver-master/Internet/DHCP/dhcp.o
LOAD ./Core/Src/ioLibrary_Driver-master/Internet/DHCP6/dhcpv6.o
LOAD ./Core/Src/ioLibrary_Driver-master/Internet/DNS/dns.o
LOAD ./Core/Src/ioLibrary_Driver-master/Internet/MQTT/MQTTClient.o
LOAD ./Core/Src/ioLibrary_Driver-master/Internet/MQTT/mqtt_interface.o
LOAD ./Core/Src/ioLibrary_Driver-master/Internet/MQTT/MQTTPacket/src/MQTTConnectClient.o
LOAD ./Core/Src/ioLibrary_Driver-master/Internet/MQTT/MQTTPacket/src/MQTTConnectServer.o
LOAD ./Core/Src/ioLibrary_Driver-master/Internet/MQTT/MQTTPacket/src/MQTTDeserializePublish.o
LOAD ./Core/Src/ioLibrary_Driver-master/Internet/MQTT/MQTTPacket/src/MQTTFormat.o
LOAD ./Core/Src/ioLibrary_Driver-master/Internet/MQTT/MQTTPacket/src/MQTTPacket.o
LOAD ./Core/Src/ioLibrary_Driver-master/Internet/MQTT/MQTTPacket/src/MQTTSerializePublish.o
LOAD ./Core/Src/ioLibrary_Driver-master/Internet/MQTT/MQTTPacket/src/MQTTSubscribeClient.o
LOAD ./Core/Src/ioLibrary_Driver-master/Internet/MQTT/MQTTPacket/src/MQTTSubscribeServer.o
LOAD ./Core/Src/ioLibrary_Driver-master/Internet/MQTT/MQTTPacket/src/MQTTUnsubscribeClient.o
LOAD ./Core/Src/ioLibrary_Driver-master/Internet/MQTT/MQTTPacket/src/MQTTUnsubscribeServer.o
LOAD ./Core/Src/ioLibrary_Driver-master/Internet/SNMP/snmp.o
LOAD ./Core/Src/ioLibrary_Driver-master/Internet/SNMP/snmp_custom.o
LOAD ./Core/Src/ioLibrary_Driver-master/Internet/SNTP/sntp.o
LOAD ./Core/Src/ioLibrary_Driver-master/Internet/TFTP/netutil.o
LOAD ./Core/Src/ioLibrary_Driver-master/Internet/TFTP/tftp.o
LOAD ./Core/Src/ioLibrary_Driver-master/Internet/httpServer/httpParser.o
LOAD ./Core/Src/ioLibrary_Driver-master/Internet/httpServer/httpServer.o
LOAD ./Core/Src/ioLibrary_Driver-master/Internet/httpServer/httpUtil.o
LOAD ./Core/Src/main.o
LOAD ./Core/Src/stm32f3xx_hal_msp.o
LOAD ./Core/Src/stm32f3xx_it.o
LOAD ./Core/Src/syscalls.o
LOAD ./Core/Src/sysmem.o
LOAD ./Core/Src/system_stm32f3xx.o
LOAD ./Core/Startup/startup_stm32f303k8tx.o
LOAD ./Drivers/STM32F3xx_HAL_Driver/Src/stm32f3xx_hal.o
LOAD ./Drivers/STM32F3xx_HAL_Driver/Src/stm32f3xx_hal_cortex.o
LOAD ./Drivers/STM32F3xx_HAL_Driver/Src/stm32f3xx_hal_dma.o
LOAD ./Drivers/STM32F3xx_HAL_Driver/Src/stm32f3xx_hal_exti.o
LOAD ./Drivers/STM32F3xx_HAL_Driver/Src/stm32f3xx_hal_flash.o
LOAD ./Drivers/STM32F3xx_HAL_Driver/Src/stm32f3xx_hal_flash_ex.o
LOAD ./Drivers/STM32F3xx_HAL_Driver/Src/stm32f3xx_hal_gpio.o
LOAD ./Drivers/STM32F3xx_HAL_Driver/Src/stm32f3xx_hal_i2c.o
LOAD ./Drivers/STM32F3xx_HAL_Driver/Src/stm32f3xx_hal_i2c_ex.o
LOAD ./Drivers/STM32F3xx_HAL_Driver/Src/stm32f3xx_hal_pwr.o
LOAD ./Drivers/STM32F3xx_HAL_Driver/Src/stm32f3xx_hal_pwr_ex.o
LOAD ./Drivers/STM32F3xx_HAL_Driver/Src/stm32f3xx_hal_rcc.o
LOAD ./Drivers/STM32F3xx_HAL_Driver/Src/stm32f3xx_hal_rcc_ex.o
LOAD ./Drivers/STM32F3xx_HAL_Driver/Src/stm32f3xx_hal_spi.o
LOAD ./Drivers/STM32F3xx_HAL_Driver/Src/stm32f3xx_hal_spi_ex.o
LOAD ./Drivers/STM32F3xx_HAL_Driver/Src/stm32f3xx_hal_uart.o
LOAD ./Drivers/STM32F3xx_HAL_Driver/Src/stm32f3xx_hal_uart_ex.o
START GROUP
LOAD C:/ST/STM32CubeIDE_1.17.0/STM32CubeIDE/plugins/com.st.stm32cube.ide.mcu.externaltools.gnu-tools-for-stm32.13.3.rel1.win32_1.0.0.202411081344/tools/bin/../lib/gcc/arm-none-eabi/13.3.1/../../../../arm-none-eabi/lib/thumb/v7e-m+fp/hard\libc_nano.a
LOAD C:/ST/STM32CubeIDE_1.17.0/STM32CubeIDE/plugins/com.st.stm32cube.ide.mcu.externaltools.gnu-tools-for-stm32.13.3.rel1.win32_1.0.0.202411081344/tools/bin/../lib/gcc/arm-none-eabi/13.3.1/../../../../arm-none-eabi/lib/thumb/v7e-m+fp/hard\libm.a
END GROUP
START GROUP
LOAD C:/ST/STM32CubeIDE_1.17.0/STM32CubeIDE/plugins/com.st.stm32cube.ide.mcu.externaltools.gnu-tools-for-stm32.13.3.rel1.win32_1.0.0.202411081344/tools/bin/../lib/gcc/arm-none-eabi/13.3.1/thumb/v7e-m+fp/hard\libgcc.a
LOAD C:/ST/STM32CubeIDE_1.17.0/STM32CubeIDE/plugins/com.st.stm32cube.ide.mcu.externaltools.gnu-tools-for-stm32.13.3.rel1.win32_1.0.0.202411081344/tools/bin/../lib/gcc/arm-none-eabi/13.3.1/../../../../arm-none-eabi/lib/thumb/v7e-m+fp/hard\libc_nano.a
END GROUP
START GROUP
LOAD C:/ST/STM32CubeIDE_1.17.0/STM32CubeIDE/plugins/com.st.stm32cube.ide.mcu.externaltools.gnu-tools-for-stm32.13.3.rel1.win32_1.0.0.202411081344/tools/bin/../lib/gcc/arm-none-eabi/13.3.1/thumb/v7e-m+fp/hard\libgcc.a
LOAD C:/ST/STM32CubeIDE_1.17.0/STM32CubeIDE/plugins/com.st.stm32cube.ide.mcu.externaltools.gnu-tools-for-stm32.13.3.rel1.win32_1.0.0.202411081344/tools/bin/../lib/gcc/arm-none-eabi/13.3.1/../../../../arm-none-eabi/lib/thumb/v7e-m+fp/hard\libc_nano.a
LOAD C:/ST/STM32CubeIDE_1.17.0/STM32CubeIDE/plugins/com.st.stm32cube.ide.mcu.externaltools.gnu-tools-for-stm32.13.3.rel1.win32_1.0.0.202411081344/tools/bin/../lib/gcc/arm-none-eabi/13.3.1/../../../../arm-none-eabi/lib/thumb/v7e-m+fp/hard\libnosys.a
END GROUP
START GROUP
LOAD C:/ST/STM32CubeIDE_1.17.0/STM32CubeIDE/plugins/com.st.stm32cube.ide.mcu.externaltools.gnu-tools-for-stm32.13.3.rel1.win32_1.0.0.202411081344/tools/bin/../lib/gcc/arm-none-eabi/13.3.1/thumb/v7e-m+fp/hard\libgcc.a
LOAD C:/ST/STM32CubeIDE_1.17.0/STM32CubeIDE/plugins/com.st.stm32cube.ide.mcu.externaltools.gnu-tools-for-stm32.13.3.rel1.win32_1.0.0.202411081344/tools/bin/../lib/gcc/arm-none-eabi/13.3.1/../../../../arm-none-eabi/lib/thumb/v7e-m+fp/hard\libc_nano.a
LOAD C:/ST/STM32CubeIDE_1.17.0/STM32CubeIDE/plugins/com.st.stm32cube.ide.mcu.externaltools.gnu-tools-for-stm32.13.3.rel1.win32_1.0.0.202411081344/tools/bin/../lib/gcc/arm-none-eabi/13.3.1/../../../../arm-none-eabi/lib/thumb/v7e-m+fp/hard\libnosys.a
END GROUP
LOAD C:/ST/STM32CubeIDE_1.17.0/STM32CubeIDE/plugins/com.st.stm32cube.ide.mcu.externaltools.gnu-tools-for-stm32.13.3.rel1.win32_1.0.0.202411081344/tools/bin/../lib/gcc/arm-none-eabi/13.3.1/thumb/v7e-m+fp/hard/crtend.o
LOAD C:/ST/STM32CubeIDE_1.17.0/STM32CubeIDE/plugins/com.st.stm32cube.ide.mcu.externaltools.gnu-tools-for-stm32.13.3.rel1.win32_1.0.0.202411081344/tools/bin/../lib/gcc/arm-none-eabi/13.3.1/thumb/v7e-m+fp/hard/crtn.o
                0x20003000                        _estack = (ORIGIN (RAM) + LENGTH (RAM))
                0x00000200                        _Min_Heap_Size = 0x200
                0x00000400                        _Min_Stack_Size = 0x400

.isr_vector     0x08000000      0x188
                0x08000000                        . = ALIGN (0x4)
 *(.isr_vector)
 .isr_vector    0x08000000      0x188 ./Core/Startup/startup_stm32f303k8tx.o
                0x08000000                g_pfnVectors
                0x08000188                        . = ALIGN (0x4)

.text           0x08000190     0x5830
                0x08000190                        . = ALIGN (0x4)
 *(.text)
 .text          0x08000190       0x40 C:/ST/STM32CubeIDE_1.17.0/STM32CubeIDE/plugins/com.st.stm32cube.ide.mcu.externaltools.gnu-tools-for-stm32.13.3.rel1.win32_1.0.0.202411081344/tools/bin/../lib/gcc/arm-none-eabi/13.3.1/thumb/v7e-m+fp/hard/crtbegin.o
 .text          0x080001d0       0x14 C:/ST/STM32CubeIDE_1.17.0/STM32CubeIDE/plugins/com.st.stm32cube.ide.mcu.externaltools.gnu-tools-for-stm32.13.3.rel1.win32_1.0.0.202411081344/tools/bin/../lib/gcc/arm-none-eabi/13.3.1/../../../../arm-none-eabi/lib/thumb/v7e-m+fp/hard\libc_nano.a(libc_a-strcmp.o)
                0x080001d0                strcmp
 .text          0x080001e4       0x10 C:/ST/STM32CubeIDE_1.17.0/STM32CubeIDE/plugins/com.st.stm32cube.ide.mcu.externaltools.gnu-tools-for-stm32.13.3.rel1.win32_1.0.0.202411081344/tools/bin/../lib/gcc/arm-none-eabi/13.3.1/../../../../arm-none-eabi/lib/thumb/v7e-m+fp/hard\libc_nano.a(libc_a-strlen.o)
                0x080001e4                strlen
 *fill*         0x080001f4        0xc 
 .text          0x08000200       0xa0 C:/ST/STM32CubeIDE_1.17.0/STM32CubeIDE/plugins/com.st.stm32cube.ide.mcu.externaltools.gnu-tools-for-stm32.13.3.rel1.win32_1.0.0.202411081344/tools/bin/../lib/gcc/arm-none-eabi/13.3.1/../../../../arm-none-eabi/lib/thumb/v7e-m+fp/hard\libc_nano.a(libc_a-memchr.o)
                0x08000200                memchr
 *(.text*)
 .text.WIZCHIP_READ
                0x080002a0       0x98 ./Core/Src/ioLibrary_Driver-master/Ethernet/W5500/w5500.o
                0x080002a0                WIZCHIP_READ
 .text.WIZCHIP_WRITE
                0x08000338       0x9c ./Core/Src/ioLibrary_Driver-master/Ethernet/W5500/w5500.o
                0x08000338                WIZCHIP_WRITE
 .text.WIZCHIP_READ_BUF
                0x080003d4       0xc0 ./Core/Src/ioLibrary_Driver-master/Ethernet/W5500/w5500.o
                0x080003d4                WIZCHIP_READ_BUF
 .text.WIZCHIP_WRITE_BUF
                0x08000494       0xc0 ./Core/Src/ioLibrary_Driver-master/Ethernet/W5500/w5500.o
                0x08000494                WIZCHIP_WRITE_BUF
 .text.getSn_TX_FSR
                0x08000554       0x92 ./Core/Src/ioLibrary_Driver-master/Ethernet/W5500/w5500.o
                0x08000554                getSn_TX_FSR
 .text.getSn_RX_RSR
                0x080005e6       0x92 ./Core/Src/ioLibrary_Driver-master/Ethernet/W5500/w5500.o
                0x080005e6                getSn_RX_RSR
 .text.wiz_send_data
                0x08000678       0xb4 ./Core/Src/ioLibrary_Driver-master/Ethernet/W5500/w5500.o
                0x08000678                wiz_send_data
 .text.wiz_recv_data
                0x0800072c       0xb4 ./Core/Src/ioLibrary_Driver-master/Ethernet/W5500/w5500.o
                0x0800072c                wiz_recv_data
 .text.socket   0x080007e0      0x268 ./Core/Src/ioLibrary_Driver-master/Ethernet/socket.o
                0x080007e0                socket
 .text.close    0x08000a48       0xdc ./Core/Src/ioLibrary_Driver-master/Ethernet/socket.o
                0x08000a48                close
 .text.listen   0x08000b24       0xb2 ./Core/Src/ioLibrary_Driver-master/Ethernet/socket.o
                0x08000b24                listen
 *fill*         0x08000bd6        0x2 
 .text.disconnect
                0x08000bd8      0x104 ./Core/Src/ioLibrary_Driver-master/Ethernet/socket.o
                0x08000bd8                disconnect
 .text.send     0x08000cdc      0x2a8 ./Core/Src/ioLibrary_Driver-master/Ethernet/socket.o
                0x08000cdc                send
 .text.recv     0x08000f84      0x164 ./Core/Src/ioLibrary_Driver-master/Ethernet/socket.o
                0x08000f84                recv
 .text.wizchip_cris_enter
                0x080010e8        0xe ./Core/Src/ioLibrary_Driver-master/Ethernet/wizchip_conf.o
                0x080010e8                wizchip_cris_enter
 .text.wizchip_cris_exit
                0x080010f6        0xe ./Core/Src/ioLibrary_Driver-master/Ethernet/wizchip_conf.o
                0x080010f6                wizchip_cris_exit
 .text.wizchip_cs_select
                0x08001104        0xe ./Core/Src/ioLibrary_Driver-master/Ethernet/wizchip_conf.o
                0x08001104                wizchip_cs_select
 .text.wizchip_cs_deselect
                0x08001112        0xe ./Core/Src/ioLibrary_Driver-master/Ethernet/wizchip_conf.o
                0x08001112                wizchip_cs_deselect
 .text.wizchip_bus_readdata
                0x08001120       0x1a ./Core/Src/ioLibrary_Driver-master/Ethernet/wizchip_conf.o
                0x08001120                wizchip_bus_readdata
 .text.wizchip_bus_writedata
                0x0800113a       0x1e ./Core/Src/ioLibrary_Driver-master/Ethernet/wizchip_conf.o
                0x0800113a                wizchip_bus_writedata
 .text.wizchip_spi_readbyte
                0x08001158       0x10 ./Core/Src/ioLibrary_Driver-master/Ethernet/wizchip_conf.o
                0x08001158                wizchip_spi_readbyte
 .text.wizchip_spi_writebyte
                0x08001168       0x16 ./Core/Src/ioLibrary_Driver-master/Ethernet/wizchip_conf.o
                0x08001168                wizchip_spi_writebyte
 *fill*         0x0800117e        0x2 
 .text.wizchip_spi_readburst
                0x08001180       0x40 ./Core/Src/ioLibrary_Driver-master/Ethernet/wizchip_conf.o
                0x08001180                wizchip_spi_readburst
 .text.wizchip_spi_writeburst
                0x080011c0       0x40 ./Core/Src/ioLibrary_Driver-master/Ethernet/wizchip_conf.o
                0x080011c0                wizchip_spi_writeburst
 .text.reg_wizchip_cs_cbfunc
                0x08001200       0x4c ./Core/Src/ioLibrary_Driver-master/Ethernet/wizchip_conf.o
                0x08001200                reg_wizchip_cs_cbfunc
 .text.reg_wizchip_spi_cbfunc
                0x0800124c       0x58 ./Core/Src/ioLibrary_Driver-master/Ethernet/wizchip_conf.o
                0x0800124c                reg_wizchip_spi_cbfunc
 .text.reg_wizchip_spiburst_cbfunc
                0x080012a4       0x58 ./Core/Src/ioLibrary_Driver-master/Ethernet/wizchip_conf.o
                0x080012a4                reg_wizchip_spiburst_cbfunc
 .text.wizchip_sw_reset
                0x080012fc       0x98 ./Core/Src/ioLibrary_Driver-master/Ethernet/wizchip_conf.o
                0x080012fc                wizchip_sw_reset
 .text.wizchip_init
                0x08001394      0x118 ./Core/Src/ioLibrary_Driver-master/Ethernet/wizchip_conf.o
                0x08001394                wizchip_init
 .text.wizchip_setnetinfo
                0x080014ac       0x80 ./Core/Src/ioLibrary_Driver-master/Ethernet/wizchip_conf.o
                0x080014ac                wizchip_setnetinfo
 .text.myPrintf
                0x0800152c       0xc8 ./Core/Src/main.o
                0x0800152c                myPrintf
 .text.wizchipSelect
                0x080015f4       0x14 ./Core/Src/main.o
                0x080015f4                wizchipSelect
 .text.wizchipUnselect
                0x08001608       0x14 ./Core/Src/main.o
                0x08001608                wizchipUnselect
 .text.wizchipReadBurst
                0x0800161c       0x28 ./Core/Src/main.o
                0x0800161c                wizchipReadBurst
 .text.wizchipWriteBurst
                0x08001644       0x28 ./Core/Src/main.o
                0x08001644                wizchipWriteBurst
 .text.wizchipReadByte
                0x0800166c       0x1a ./Core/Src/main.o
                0x0800166c                wizchipReadByte
 .text.wizchipWriteByte
                0x08001686       0x1c ./Core/Src/main.o
                0x08001686                wizchipWriteByte
 *fill*         0x080016a2        0x2 
 .text.wizChipInit
                0x080016a4       0x64 ./Core/Src/main.o
                0x080016a4                wizChipInit
 .text.checkLinkStatus
                0x08001708       0x2a ./Core/Src/main.o
                0x08001708                checkLinkStatus
 *fill*         0x08001732        0x2 
 .text.main     0x08001734      0x364 ./Core/Src/main.o
                0x08001734                main
 .text.SystemClock_Config
                0x08001a98       0x76 ./Core/Src/main.o
                0x08001a98                SystemClock_Config
 *fill*         0x08001b0e        0x2 
 .text.MX_SPI1_Init
                0x08001b10       0x7c ./Core/Src/main.o
 .text.MX_USART2_UART_Init
                0x08001b8c       0x60 ./Core/Src/main.o
 .text.MX_GPIO_Init
                0x08001bec       0xc0 ./Core/Src/main.o
 .text.Error_Handler
                0x08001cac        0xc ./Core/Src/main.o
                0x08001cac                Error_Handler
 .text.HAL_MspInit
                0x08001cb8       0x48 ./Core/Src/stm32f3xx_hal_msp.o
                0x08001cb8                HAL_MspInit
 .text.HAL_SPI_MspInit
                0x08001d00       0x84 ./Core/Src/stm32f3xx_hal_msp.o
                0x08001d00                HAL_SPI_MspInit
 .text.HAL_UART_MspInit
                0x08001d84       0x88 ./Core/Src/stm32f3xx_hal_msp.o
                0x08001d84                HAL_UART_MspInit
 .text.NMI_Handler
                0x08001e0c        0x8 ./Core/Src/stm32f3xx_it.o
                0x08001e0c                NMI_Handler
 .text.HardFault_Handler
                0x08001e14        0x8 ./Core/Src/stm32f3xx_it.o
                0x08001e14                HardFault_Handler
 .text.MemManage_Handler
                0x08001e1c        0x8 ./Core/Src/stm32f3xx_it.o
                0x08001e1c                MemManage_Handler
 .text.BusFault_Handler
                0x08001e24        0x8 ./Core/Src/stm32f3xx_it.o
                0x08001e24                BusFault_Handler
 .text.UsageFault_Handler
                0x08001e2c        0x8 ./Core/Src/stm32f3xx_it.o
                0x08001e2c                UsageFault_Handler
 .text.SVC_Handler
                0x08001e34        0xe ./Core/Src/stm32f3xx_it.o
                0x08001e34                SVC_Handler
 .text.DebugMon_Handler
                0x08001e42        0xe ./Core/Src/stm32f3xx_it.o
                0x08001e42                DebugMon_Handler
 .text.PendSV_Handler
                0x08001e50        0xe ./Core/Src/stm32f3xx_it.o
                0x08001e50                PendSV_Handler
 .text.SysTick_Handler
                0x08001e5e        0xc ./Core/Src/stm32f3xx_it.o
                0x08001e5e                SysTick_Handler
 *fill*         0x08001e6a        0x2 
 .text._sbrk    0x08001e6c       0x6c ./Core/Src/sysmem.o
                0x08001e6c                _sbrk
 .text.SystemInit
                0x08001ed8       0x24 ./Core/Src/system_stm32f3xx.o
                0x08001ed8                SystemInit
 .text.Reset_Handler
                0x08001efc       0x50 ./Core/Startup/startup_stm32f303k8tx.o
                0x08001efc                Reset_Handler
 .text.Default_Handler
                0x08001f4c        0x2 ./Core/Startup/startup_stm32f303k8tx.o
                0x08001f4c                RTC_Alarm_IRQHandler
                0x08001f4c                TIM1_CC_IRQHandler
                0x08001f4c                PVD_IRQHandler
                0x08001f4c                TAMP_STAMP_IRQHandler
                0x08001f4c                EXTI3_IRQHandler
                0x08001f4c                EXTI0_IRQHandler
                0x08001f4c                FPU_IRQHandler
                0x08001f4c                CAN_TX_IRQHandler
                0x08001f4c                TIM1_UP_TIM16_IRQHandler
                0x08001f4c                ADC1_2_IRQHandler
                0x08001f4c                SPI1_IRQHandler
                0x08001f4c                CAN_SCE_IRQHandler
                0x08001f4c                DMA1_Channel4_IRQHandler
                0x08001f4c                USART3_IRQHandler
                0x08001f4c                DMA1_Channel7_IRQHandler
                0x08001f4c                TIM7_DAC2_IRQHandler
                0x08001f4c                CAN_RX1_IRQHandler
                0x08001f4c                I2C1_EV_IRQHandler
                0x08001f4c                DMA1_Channel6_IRQHandler
                0x08001f4c                TIM3_IRQHandler
                0x08001f4c                RCC_IRQHandler
                0x08001f4c                DMA1_Channel1_IRQHandler
                0x08001f4c                Default_Handler
                0x08001f4c                EXTI15_10_IRQHandler
                0x08001f4c                COMP2_IRQHandler
                0x08001f4c                TIM6_DAC1_IRQHandler
                0x08001f4c                EXTI9_5_IRQHandler
                0x08001f4c                RTC_WKUP_IRQHandler
                0x08001f4c                DMA1_Channel5_IRQHandler
                0x08001f4c                EXTI4_IRQHandler
                0x08001f4c                TIM1_TRG_COM_TIM17_IRQHandler
                0x08001f4c                DMA1_Channel3_IRQHandler
                0x08001f4c                WWDG_IRQHandler
                0x08001f4c                TIM2_IRQHandler
                0x08001f4c                EXTI1_IRQHandler
                0x08001f4c                COMP4_6_IRQHandler
                0x08001f4c                USART2_IRQHandler
                0x08001f4c                DMA1_Channel2_IRQHandler
                0x08001f4c                FLASH_IRQHandler
                0x08001f4c                USART1_IRQHandler
                0x08001f4c                CAN_RX0_IRQHandler
                0x08001f4c                I2C1_ER_IRQHandler
                0x08001f4c                EXTI2_TSC_IRQHandler
                0x08001f4c                TIM1_BRK_TIM15_IRQHandler
 *fill*         0x08001f4e        0x2 
 .text.HAL_Init
                0x08001f50       0x2c ./Drivers/STM32F3xx_HAL_Driver/Src/stm32f3xx_hal.o
                0x08001f50                HAL_Init
 .text.HAL_InitTick
                0x08001f7c       0x60 ./Drivers/STM32F3xx_HAL_Driver/Src/stm32f3xx_hal.o
                0x08001f7c                HAL_InitTick
 .text.HAL_IncTick
                0x08001fdc       0x28 ./Drivers/STM32F3xx_HAL_Driver/Src/stm32f3xx_hal.o
                0x08001fdc                HAL_IncTick
 .text.HAL_GetTick
                0x08002004       0x18 ./Drivers/STM32F3xx_HAL_Driver/Src/stm32f3xx_hal.o
                0x08002004                HAL_GetTick
 .text.HAL_Delay
                0x0800201c       0x48 ./Drivers/STM32F3xx_HAL_Driver/Src/stm32f3xx_hal.o
                0x0800201c                HAL_Delay
 .text.__NVIC_SetPriorityGrouping
                0x08002064       0x48 ./Drivers/STM32F3xx_HAL_Driver/Src/stm32f3xx_hal_cortex.o
 .text.__NVIC_GetPriorityGrouping
                0x080020ac       0x1c ./Drivers/STM32F3xx_HAL_Driver/Src/stm32f3xx_hal_cortex.o
 .text.__NVIC_SetPriority
                0x080020c8       0x54 ./Drivers/STM32F3xx_HAL_Driver/Src/stm32f3xx_hal_cortex.o
 .text.NVIC_EncodePriority
                0x0800211c       0x66 ./Drivers/STM32F3xx_HAL_Driver/Src/stm32f3xx_hal_cortex.o
 *fill*         0x08002182        0x2 
 .text.SysTick_Config
                0x08002184       0x44 ./Drivers/STM32F3xx_HAL_Driver/Src/stm32f3xx_hal_cortex.o
 .text.HAL_NVIC_SetPriorityGrouping
                0x080021c8       0x16 ./Drivers/STM32F3xx_HAL_Driver/Src/stm32f3xx_hal_cortex.o
                0x080021c8                HAL_NVIC_SetPriorityGrouping
 .text.HAL_NVIC_SetPriority
                0x080021de       0x38 ./Drivers/STM32F3xx_HAL_Driver/Src/stm32f3xx_hal_cortex.o
                0x080021de                HAL_NVIC_SetPriority
 .text.HAL_SYSTICK_Config
                0x08002216       0x18 ./Drivers/STM32F3xx_HAL_Driver/Src/stm32f3xx_hal_cortex.o
                0x08002216                HAL_SYSTICK_Config
 *fill*         0x0800222e        0x2 
 .text.HAL_GPIO_Init
                0x08002230      0x2e4 ./Drivers/STM32F3xx_HAL_Driver/Src/stm32f3xx_hal_gpio.o
                0x08002230                HAL_GPIO_Init
 .text.HAL_GPIO_WritePin
                0x08002514       0x30 ./Drivers/STM32F3xx_HAL_Driver/Src/stm32f3xx_hal_gpio.o
                0x08002514                HAL_GPIO_WritePin
 .text.HAL_RCC_OscConfig
                0x08002544     0x101c ./Drivers/STM32F3xx_HAL_Driver/Src/stm32f3xx_hal_rcc.o
                0x08002544                HAL_RCC_OscConfig
 .text.HAL_RCC_ClockConfig
                0x08003560      0x2dc ./Drivers/STM32F3xx_HAL_Driver/Src/stm32f3xx_hal_rcc.o
                0x08003560                HAL_RCC_ClockConfig
 .text.HAL_RCC_GetSysClockFreq
                0x0800383c       0xa8 ./Drivers/STM32F3xx_HAL_Driver/Src/stm32f3xx_hal_rcc.o
                0x0800383c                HAL_RCC_GetSysClockFreq
 .text.HAL_RCC_GetHCLKFreq
                0x080038e4       0x18 ./Drivers/STM32F3xx_HAL_Driver/Src/stm32f3xx_hal_rcc.o
                0x080038e4                HAL_RCC_GetHCLKFreq
 .text.HAL_RCC_GetPCLK1Freq
                0x080038fc       0x44 ./Drivers/STM32F3xx_HAL_Driver/Src/stm32f3xx_hal_rcc.o
                0x080038fc                HAL_RCC_GetPCLK1Freq
 .text.HAL_RCC_GetPCLK2Freq
                0x08003940       0x44 ./Drivers/STM32F3xx_HAL_Driver/Src/stm32f3xx_hal_rcc.o
                0x08003940                HAL_RCC_GetPCLK2Freq
 .text.HAL_SPI_Init
                0x08003984      0x146 ./Drivers/STM32F3xx_HAL_Driver/Src/stm32f3xx_hal_spi.o
                0x08003984                HAL_SPI_Init
 .text.HAL_SPI_Transmit
                0x08003aca      0x2ea ./Drivers/STM32F3xx_HAL_Driver/Src/stm32f3xx_hal_spi.o
                0x08003aca                HAL_SPI_Transmit
 .text.HAL_SPI_Receive
                0x08003db4      0x26e ./Drivers/STM32F3xx_HAL_Driver/Src/stm32f3xx_hal_spi.o
                0x08003db4                HAL_SPI_Receive
 .text.HAL_SPI_TransmitReceive
                0x08004022      0x444 ./Drivers/STM32F3xx_HAL_Driver/Src/stm32f3xx_hal_spi.o
                0x08004022                HAL_SPI_TransmitReceive
 *fill*         0x08004466        0x2 
 .text.SPI_WaitFlagStateUntilTimeout
                0x08004468      0x110 ./Drivers/STM32F3xx_HAL_Driver/Src/stm32f3xx_hal_spi.o
 .text.SPI_WaitFifoStateUntilTimeout
                0x08004578      0x12c ./Drivers/STM32F3xx_HAL_Driver/Src/stm32f3xx_hal_spi.o
 .text.SPI_EndRxTransaction
                0x080046a4       0xb0 ./Drivers/STM32F3xx_HAL_Driver/Src/stm32f3xx_hal_spi.o
 .text.SPI_EndRxTxTransaction
                0x08004754       0x8c ./Drivers/STM32F3xx_HAL_Driver/Src/stm32f3xx_hal_spi.o
 .text.HAL_UART_Init
                0x080047e0       0x9c ./Drivers/STM32F3xx_HAL_Driver/Src/stm32f3xx_hal_uart.o
                0x080047e0                HAL_UART_Init
 .text.HAL_UART_Transmit
                0x0800487c      0x112 ./Drivers/STM32F3xx_HAL_Driver/Src/stm32f3xx_hal_uart.o
                0x0800487c                HAL_UART_Transmit
 *fill*         0x0800498e        0x2 
 .text.UART_SetConfig
                0x08004990      0x26c ./Drivers/STM32F3xx_HAL_Driver/Src/stm32f3xx_hal_uart.o
                0x08004990                UART_SetConfig
 .text.UART_AdvFeatureConfig
                0x08004bfc      0x144 ./Drivers/STM32F3xx_HAL_Driver/Src/stm32f3xx_hal_uart.o
                0x08004bfc                UART_AdvFeatureConfig
 .text.UART_CheckIdleState
                0x08004d40      0x150 ./Drivers/STM32F3xx_HAL_Driver/Src/stm32f3xx_hal_uart.o
                0x08004d40                UART_CheckIdleState
 .text.UART_WaitOnFlagUntilTimeout
                0x08004e90       0xda ./Drivers/STM32F3xx_HAL_Driver/Src/stm32f3xx_hal_uart.o
                0x08004e90                UART_WaitOnFlagUntilTimeout
 .text.UART_EndRxTransfer
                0x08004f6a       0xc8 ./Drivers/STM32F3xx_HAL_Driver/Src/stm32f3xx_hal_uart.o
 *fill*         0x08005032        0x2 
 .text.sbrk_aligned
                0x08005034       0x44 C:/ST/STM32CubeIDE_1.17.0/STM32CubeIDE/plugins/com.st.stm32cube.ide.mcu.externaltools.gnu-tools-for-stm32.13.3.rel1.win32_1.0.0.202411081344/tools/bin/../lib/gcc/arm-none-eabi/13.3.1/../../../../arm-none-eabi/lib/thumb/v7e-m+fp/hard\libc_nano.a(libc_a-mallocr.o)
 .text._malloc_r
                0x08005078      0x100 C:/ST/STM32CubeIDE_1.17.0/STM32CubeIDE/plugins/com.st.stm32cube.ide.mcu.externaltools.gnu-tools-for-stm32.13.3.rel1.win32_1.0.0.202411081344/tools/bin/../lib/gcc/arm-none-eabi/13.3.1/../../../../arm-none-eabi/lib/thumb/v7e-m+fp/hard\libc_nano.a(libc_a-mallocr.o)
                0x08005078                _malloc_r
 .text.__malloc_lock
                0x08005178        0xc C:/ST/STM32CubeIDE_1.17.0/STM32CubeIDE/plugins/com.st.stm32cube.ide.mcu.externaltools.gnu-tools-for-stm32.13.3.rel1.win32_1.0.0.202411081344/tools/bin/../lib/gcc/arm-none-eabi/13.3.1/../../../../arm-none-eabi/lib/thumb/v7e-m+fp/hard\libc_nano.a(libc_a-mlock.o)
                0x08005178                __malloc_lock
 .text.__malloc_unlock
                0x08005184        0xc C:/ST/STM32CubeIDE_1.17.0/STM32CubeIDE/plugins/com.st.stm32cube.ide.mcu.externaltools.gnu-tools-for-stm32.13.3.rel1.win32_1.0.0.202411081344/tools/bin/../lib/gcc/arm-none-eabi/13.3.1/../../../../arm-none-eabi/lib/thumb/v7e-m+fp/hard\libc_nano.a(libc_a-mlock.o)
                0x08005184                __malloc_unlock
 .text._vsnprintf_r
                0x08005190       0x5c C:/ST/STM32CubeIDE_1.17.0/STM32CubeIDE/plugins/com.st.stm32cube.ide.mcu.externaltools.gnu-tools-for-stm32.13.3.rel1.win32_1.0.0.202411081344/tools/bin/../lib/gcc/arm-none-eabi/13.3.1/../../../../arm-none-eabi/lib/thumb/v7e-m+fp/hard\libc_nano.a(libc_a-vsnprintf.o)
                0x08005190                _vsniprintf_r
                0x08005190                _vsnprintf_r
 .text.vsnprintf
                0x080051ec       0x1c C:/ST/STM32CubeIDE_1.17.0/STM32CubeIDE/plugins/com.st.stm32cube.ide.mcu.externaltools.gnu-tools-for-stm32.13.3.rel1.win32_1.0.0.202411081344/tools/bin/../lib/gcc/arm-none-eabi/13.3.1/../../../../arm-none-eabi/lib/thumb/v7e-m+fp/hard\libc_nano.a(libc_a-vsnprintf.o)
                0x080051ec                vsniprintf
                0x080051ec                vsnprintf
 .text.memset   0x08005208       0x10 C:/ST/STM32CubeIDE_1.17.0/STM32CubeIDE/plugins/com.st.stm32cube.ide.mcu.externaltools.gnu-tools-for-stm32.13.3.rel1.win32_1.0.0.202411081344/tools/bin/../lib/gcc/arm-none-eabi/13.3.1/../../../../arm-none-eabi/lib/thumb/v7e-m+fp/hard\libc_nano.a(libc_a-memset.o)
                0x08005208                memset
 .text._sbrk_r  0x08005218       0x20 C:/ST/STM32CubeIDE_1.17.0/STM32CubeIDE/plugins/com.st.stm32cube.ide.mcu.externaltools.gnu-tools-for-stm32.13.3.rel1.win32_1.0.0.202411081344/tools/bin/../lib/gcc/arm-none-eabi/13.3.1/../../../../arm-none-eabi/lib/thumb/v7e-m+fp/hard\libc_nano.a(libc_a-sbrkr.o)
                0x08005218                _sbrk_r
 .text.__errno  0x08005238        0xc C:/ST/STM32CubeIDE_1.17.0/STM32CubeIDE/plugins/com.st.stm32cube.ide.mcu.externaltools.gnu-tools-for-stm32.13.3.rel1.win32_1.0.0.202411081344/tools/bin/../lib/gcc/arm-none-eabi/13.3.1/../../../../arm-none-eabi/lib/thumb/v7e-m+fp/hard\libc_nano.a(libc_a-errno.o)
                0x08005238                __errno
 .text.__libc_init_array
                0x08005244       0x48 C:/ST/STM32CubeIDE_1.17.0/STM32CubeIDE/plugins/com.st.stm32cube.ide.mcu.externaltools.gnu-tools-for-stm32.13.3.rel1.win32_1.0.0.202411081344/tools/bin/../lib/gcc/arm-none-eabi/13.3.1/../../../../arm-none-eabi/lib/thumb/v7e-m+fp/hard\libc_nano.a(libc_a-init.o)
                0x08005244                __libc_init_array
 .text.__retarget_lock_acquire_recursive
                0x0800528c        0x2 C:/ST/STM32CubeIDE_1.17.0/STM32CubeIDE/plugins/com.st.stm32cube.ide.mcu.externaltools.gnu-tools-for-stm32.13.3.rel1.win32_1.0.0.202411081344/tools/bin/../lib/gcc/arm-none-eabi/13.3.1/../../../../arm-none-eabi/lib/thumb/v7e-m+fp/hard\libc_nano.a(libc_a-lock.o)
                0x0800528c                __retarget_lock_acquire_recursive
 .text.__retarget_lock_release_recursive
                0x0800528e        0x2 C:/ST/STM32CubeIDE_1.17.0/STM32CubeIDE/plugins/com.st.stm32cube.ide.mcu.externaltools.gnu-tools-for-stm32.13.3.rel1.win32_1.0.0.202411081344/tools/bin/../lib/gcc/arm-none-eabi/13.3.1/../../../../arm-none-eabi/lib/thumb/v7e-m+fp/hard\libc_nano.a(libc_a-lock.o)
                0x0800528e                __retarget_lock_release_recursive
 .text.memcpy   0x08005290       0x1c C:/ST/STM32CubeIDE_1.17.0/STM32CubeIDE/plugins/com.st.stm32cube.ide.mcu.externaltools.gnu-tools-for-stm32.13.3.rel1.win32_1.0.0.202411081344/tools/bin/../lib/gcc/arm-none-eabi/13.3.1/../../../../arm-none-eabi/lib/thumb/v7e-m+fp/hard\libc_nano.a(libc_a-memcpy-stub.o)
                0x08005290                memcpy
 .text._free_r  0x080052ac       0x94 C:/ST/STM32CubeIDE_1.17.0/STM32CubeIDE/plugins/com.st.stm32cube.ide.mcu.externaltools.gnu-tools-for-stm32.13.3.rel1.win32_1.0.0.202411081344/tools/bin/../lib/gcc/arm-none-eabi/13.3.1/../../../../arm-none-eabi/lib/thumb/v7e-m+fp/hard\libc_nano.a(libc_a-freer.o)
                0x080052ac                _free_r
 .text.__ssputs_r
                0x08005340       0xb6 C:/ST/STM32CubeIDE_1.17.0/STM32CubeIDE/plugins/com.st.stm32cube.ide.mcu.externaltools.gnu-tools-for-stm32.13.3.rel1.win32_1.0.0.202411081344/tools/bin/../lib/gcc/arm-none-eabi/13.3.1/../../../../arm-none-eabi/lib/thumb/v7e-m+fp/hard\libc_nano.a(libc_a-nano-svfprintf.o)
                0x08005340                __ssputs_r
 *fill*         0x080053f6        0x2 
 .text._svfprintf_r
                0x080053f8      0x1f8 C:/ST/STM32CubeIDE_1.17.0/STM32CubeIDE/plugins/com.st.stm32cube.ide.mcu.externaltools.gnu-tools-for-stm32.13.3.rel1.win32_1.0.0.202411081344/tools/bin/../lib/gcc/arm-none-eabi/13.3.1/../../../../arm-none-eabi/lib/thumb/v7e-m+fp/hard\libc_nano.a(libc_a-nano-svfprintf.o)
                0x080053f8                _svfiprintf_r
                0x080053f8                _svfprintf_r
 .text._printf_common
                0x080055f0       0xda C:/ST/STM32CubeIDE_1.17.0/STM32CubeIDE/plugins/com.st.stm32cube.ide.mcu.externaltools.gnu-tools-for-stm32.13.3.rel1.win32_1.0.0.202411081344/tools/bin/../lib/gcc/arm-none-eabi/13.3.1/../../../../arm-none-eabi/lib/thumb/v7e-m+fp/hard\libc_nano.a(libc_a-nano-vfprintf_i.o)
                0x080055f0                _printf_common
 *fill*         0x080056ca        0x2 
 .text._printf_i
                0x080056cc      0x23c C:/ST/STM32CubeIDE_1.17.0/STM32CubeIDE/plugins/com.st.stm32cube.ide.mcu.externaltools.gnu-tools-for-stm32.13.3.rel1.win32_1.0.0.202411081344/tools/bin/../lib/gcc/arm-none-eabi/13.3.1/../../../../arm-none-eabi/lib/thumb/v7e-m+fp/hard\libc_nano.a(libc_a-nano-vfprintf_i.o)
                0x080056cc                _printf_i
 .text.memmove  0x08005908       0x34 C:/ST/STM32CubeIDE_1.17.0/STM32CubeIDE/plugins/com.st.stm32cube.ide.mcu.externaltools.gnu-tools-for-stm32.13.3.rel1.win32_1.0.0.202411081344/tools/bin/../lib/gcc/arm-none-eabi/13.3.1/../../../../arm-none-eabi/lib/thumb/v7e-m+fp/hard\libc_nano.a(libc_a-memmove.o)
                0x08005908                memmove
 .text._realloc_r
                0x0800593c       0x5c C:/ST/STM32CubeIDE_1.17.0/STM32CubeIDE/plugins/com.st.stm32cube.ide.mcu.externaltools.gnu-tools-for-stm32.13.3.rel1.win32_1.0.0.202411081344/tools/bin/../lib/gcc/arm-none-eabi/13.3.1/../../../../arm-none-eabi/lib/thumb/v7e-m+fp/hard\libc_nano.a(libc_a-reallocr.o)
                0x0800593c                _realloc_r
 .text._malloc_usable_size_r
                0x08005998       0x10 C:/ST/STM32CubeIDE_1.17.0/STM32CubeIDE/plugins/com.st.stm32cube.ide.mcu.externaltools.gnu-tools-for-stm32.13.3.rel1.win32_1.0.0.202411081344/tools/bin/../lib/gcc/arm-none-eabi/13.3.1/../../../../arm-none-eabi/lib/thumb/v7e-m+fp/hard\libc_nano.a(libc_a-msizer.o)
                0x08005998                _malloc_usable_size_r
 *(.glue_7)
 .glue_7        0x080059a8        0x0 linker stubs
 *(.glue_7t)
 .glue_7t       0x080059a8        0x0 linker stubs
 *(.eh_frame)
 .eh_frame      0x080059a8        0x0 C:/ST/STM32CubeIDE_1.17.0/STM32CubeIDE/plugins/com.st.stm32cube.ide.mcu.externaltools.gnu-tools-for-stm32.13.3.rel1.win32_1.0.0.202411081344/tools/bin/../lib/gcc/arm-none-eabi/13.3.1/thumb/v7e-m+fp/hard/crtbegin.o
 *(.init)
 .init          0x080059a8        0x4 C:/ST/STM32CubeIDE_1.17.0/STM32CubeIDE/plugins/com.st.stm32cube.ide.mcu.externaltools.gnu-tools-for-stm32.13.3.rel1.win32_1.0.0.202411081344/tools/bin/../lib/gcc/arm-none-eabi/13.3.1/thumb/v7e-m+fp/hard/crti.o
                0x080059a8                _init
 .init          0x080059ac        0x8 C:/ST/STM32CubeIDE_1.17.0/STM32CubeIDE/plugins/com.st.stm32cube.ide.mcu.externaltools.gnu-tools-for-stm32.13.3.rel1.win32_1.0.0.202411081344/tools/bin/../lib/gcc/arm-none-eabi/13.3.1/thumb/v7e-m+fp/hard/crtn.o
 *(.fini)
 .fini          0x080059b4        0x4 C:/ST/STM32CubeIDE_1.17.0/STM32CubeIDE/plugins/com.st.stm32cube.ide.mcu.externaltools.gnu-tools-for-stm32.13.3.rel1.win32_1.0.0.202411081344/tools/bin/../lib/gcc/arm-none-eabi/13.3.1/thumb/v7e-m+fp/hard/crti.o
                0x080059b4                _fini
 .fini          0x080059b8        0x8 C:/ST/STM32CubeIDE_1.17.0/STM32CubeIDE/plugins/com.st.stm32cube.ide.mcu.externaltools.gnu-tools-for-stm32.13.3.rel1.win32_1.0.0.202411081344/tools/bin/../lib/gcc/arm-none-eabi/13.3.1/thumb/v7e-m+fp/hard/crtn.o
                0x080059c0                        . = ALIGN (0x4)
                0x080059c0                        _etext = .

.vfp11_veneer   0x080059c0        0x0
 .vfp11_veneer  0x080059c0        0x0 linker stubs

.v4_bx          0x080059c0        0x0
 .v4_bx         0x080059c0        0x0 linker stubs

.iplt           0x080059c0        0x0
 .iplt          0x080059c0        0x0 C:/ST/STM32CubeIDE_1.17.0/STM32CubeIDE/plugins/com.st.stm32cube.ide.mcu.externaltools.gnu-tools-for-stm32.13.3.rel1.win32_1.0.0.202411081344/tools/bin/../lib/gcc/arm-none-eabi/13.3.1/thumb/v7e-m+fp/hard/crtbegin.o

.rodata         0x080059c0      0x2c4
                0x080059c0                        . = ALIGN (0x4)
 *(.rodata)
 .rodata        0x080059c0      0x255 ./Core/Src/main.o
 *(.rodata*)
 *fill*         0x08005c15        0x3 
 .rodata.AHBPrescTable
                0x08005c18       0x10 ./Core/Src/system_stm32f3xx.o
                0x08005c18                AHBPrescTable
 .rodata.APBPrescTable
                0x08005c28        0x8 ./Core/Src/system_stm32f3xx.o
                0x08005c28                APBPrescTable
 .rodata.aPLLMULFactorTable
                0x08005c30       0x10 ./Drivers/STM32F3xx_HAL_Driver/Src/stm32f3xx_hal_rcc.o
 .rodata.aPredivFactorTable
                0x08005c40       0x10 ./Drivers/STM32F3xx_HAL_Driver/Src/stm32f3xx_hal_rcc.o
 .rodata._svfprintf_r.str1.1
                0x08005c50       0x33 C:/ST/STM32CubeIDE_1.17.0/STM32CubeIDE/plugins/com.st.stm32cube.ide.mcu.externaltools.gnu-tools-for-stm32.13.3.rel1.win32_1.0.0.202411081344/tools/bin/../lib/gcc/arm-none-eabi/13.3.1/../../../../arm-none-eabi/lib/thumb/v7e-m+fp/hard\libc_nano.a(libc_a-nano-svfprintf.o)
                                 0x11 (size before relaxing)
 .rodata._printf_i.str1.1
                0x08005c83       0x22 C:/ST/STM32CubeIDE_1.17.0/STM32CubeIDE/plugins/com.st.stm32cube.ide.mcu.externaltools.gnu-tools-for-stm32.13.3.rel1.win32_1.0.0.202411081344/tools/bin/../lib/gcc/arm-none-eabi/13.3.1/../../../../arm-none-eabi/lib/thumb/v7e-m+fp/hard\libc_nano.a(libc_a-nano-vfprintf_i.o)
                0x08005ca8                        . = ALIGN (0x4)
 *fill*         0x08005c83        0x1 

.ARM.extab      0x08005c84        0x0
                0x08005c84                        . = ALIGN (0x4)
 *(.ARM.extab* .gnu.linkonce.armextab.*)
                0x08005c84                        . = ALIGN (0x4)

.ARM            0x08005c84        0x8
                0x08005c84                        . = ALIGN (0x4)
                0x08005c84                        __exidx_start = .
 *(.ARM.exidx*)
 .ARM.exidx     0x08005c84        0x8 C:/ST/STM32CubeIDE_1.17.0/STM32CubeIDE/plugins/com.st.stm32cube.ide.mcu.externaltools.gnu-tools-for-stm32.13.3.rel1.win32_1.0.0.202411081344/tools/bin/../lib/gcc/arm-none-eabi/13.3.1/../../../../arm-none-eabi/lib/thumb/v7e-m+fp/hard\libc_nano.a(libc_a-strcmp.o)
 .ARM.exidx     0x08005c8c        0x0 C:/ST/STM32CubeIDE_1.17.0/STM32CubeIDE/plugins/com.st.stm32cube.ide.mcu.externaltools.gnu-tools-for-stm32.13.3.rel1.win32_1.0.0.202411081344/tools/bin/../lib/gcc/arm-none-eabi/13.3.1/../../../../arm-none-eabi/lib/thumb/v7e-m+fp/hard\libc_nano.a(libc_a-strlen.o)
                                  0x8 (size before relaxing)
 .ARM.exidx     0x08005c8c        0x0 C:/ST/STM32CubeIDE_1.17.0/STM32CubeIDE/plugins/com.st.stm32cube.ide.mcu.externaltools.gnu-tools-for-stm32.13.3.rel1.win32_1.0.0.202411081344/tools/bin/../lib/gcc/arm-none-eabi/13.3.1/../../../../arm-none-eabi/lib/thumb/v7e-m+fp/hard\libc_nano.a(libc_a-memchr.o)
                                  0x8 (size before relaxing)
                0x08005c8c                        __exidx_end = .
                0x08005c8c                        . = ALIGN (0x4)

.preinit_array  0x08005c8c        0x0
                0x08005c8c                        . = ALIGN (0x4)
                0x08005c8c                        PROVIDE (__preinit_array_start = .)
 *(.preinit_array*)
                0x08005c8c                        PROVIDE (__preinit_array_end = .)
                0x08005c8c                        . = ALIGN (0x4)

.init_array     0x08005c8c        0x4
                0x08005c8c                        . = ALIGN (0x4)
                0x08005c8c                        PROVIDE (__init_array_start = .)
 *(SORT_BY_NAME(.init_array.*))
 *(.init_array*)
 .init_array    0x08005c8c        0x4 C:/ST/STM32CubeIDE_1.17.0/STM32CubeIDE/plugins/com.st.stm32cube.ide.mcu.externaltools.gnu-tools-for-stm32.13.3.rel1.win32_1.0.0.202411081344/tools/bin/../lib/gcc/arm-none-eabi/13.3.1/thumb/v7e-m+fp/hard/crtbegin.o
                0x08005c90                        PROVIDE (__init_array_end = .)
                0x08005c90                        . = ALIGN (0x4)

.fini_array     0x08005c90        0x4
                0x08005c90                        . = ALIGN (0x4)
                [!provide]                        PROVIDE (__fini_array_start = .)
 *(SORT_BY_NAME(.fini_array.*))
 *(.fini_array*)
 .fini_array    0x08005c90        0x4 C:/ST/STM32CubeIDE_1.17.0/STM32CubeIDE/plugins/com.st.stm32cube.ide.mcu.externaltools.gnu-tools-for-stm32.13.3.rel1.win32_1.0.0.202411081344/tools/bin/../lib/gcc/arm-none-eabi/13.3.1/thumb/v7e-m+fp/hard/crtbegin.o
                [!provide]                        PROVIDE (__fini_array_end = .)
                0x08005c94                        . = ALIGN (0x4)
                0x08005c94                        _sidata = LOADADDR (.data)

.rel.dyn        0x08005c94        0x0
 .rel.iplt      0x08005c94        0x0 C:/ST/STM32CubeIDE_1.17.0/STM32CubeIDE/plugins/com.st.stm32cube.ide.mcu.externaltools.gnu-tools-for-stm32.13.3.rel1.win32_1.0.0.202411081344/tools/bin/../lib/gcc/arm-none-eabi/13.3.1/thumb/v7e-m+fp/hard/crtbegin.o

.data           0x20000000       0xa4 load address 0x08005c94
                0x20000000                        . = ALIGN (0x4)
                0x20000000                        _sdata = .
 *(.data)
 *(.data*)
 .data.sock_any_port
                0x20000000        0x2 ./Core/Src/ioLibrary_Driver-master/Ethernet/socket.o
 *fill*         0x20000002        0x2 
 .data.WIZCHIP  0x20000004       0x2c ./Core/Src/ioLibrary_Driver-master/Ethernet/wizchip_conf.o
                0x20000004                WIZCHIP
 .data.net_info
                0x20000030       0x17 ./Core/Src/main.o
                0x20000030                net_info
 *fill*         0x20000047        0x1 
 .data.SystemCoreClock
                0x20000048        0x4 ./Core/Src/system_stm32f3xx.o
                0x20000048                SystemCoreClock
 .data.uwTickPrio
                0x2000004c        0x4 ./Drivers/STM32F3xx_HAL_Driver/Src/stm32f3xx_hal.o
                0x2000004c                uwTickPrio
 .data.uwTickFreq
                0x20000050        0x1 ./Drivers/STM32F3xx_HAL_Driver/Src/stm32f3xx_hal.o
                0x20000050                uwTickFreq
 *fill*         0x20000051        0x3 
 .data._impure_ptr
                0x20000054        0x4 C:/ST/STM32CubeIDE_1.17.0/STM32CubeIDE/plugins/com.st.stm32cube.ide.mcu.externaltools.gnu-tools-for-stm32.13.3.rel1.win32_1.0.0.202411081344/tools/bin/../lib/gcc/arm-none-eabi/13.3.1/../../../../arm-none-eabi/lib/thumb/v7e-m+fp/hard\libc_nano.a(libc_a-impure.o)
                0x20000054                _impure_ptr
 .data._impure_data
                0x20000058       0x4c C:/ST/STM32CubeIDE_1.17.0/STM32CubeIDE/plugins/com.st.stm32cube.ide.mcu.externaltools.gnu-tools-for-stm32.13.3.rel1.win32_1.0.0.202411081344/tools/bin/../lib/gcc/arm-none-eabi/13.3.1/../../../../arm-none-eabi/lib/thumb/v7e-m+fp/hard\libc_nano.a(libc_a-impure.o)
                0x20000058                _impure_data
 *(.RamFunc)
 *(.RamFunc*)
                0x200000a4                        . = ALIGN (0x4)
                0x200000a4                        _edata = .
                0x08005d38                        _siccmram = LOADADDR (.ccmram)

.igot.plt       0x200000a4        0x0 load address 0x08005d38
 .igot.plt      0x200000a4        0x0 C:/ST/STM32CubeIDE_1.17.0/STM32CubeIDE/plugins/com.st.stm32cube.ide.mcu.externaltools.gnu-tools-for-stm32.13.3.rel1.win32_1.0.0.202411081344/tools/bin/../lib/gcc/arm-none-eabi/13.3.1/thumb/v7e-m+fp/hard/crtbegin.o

.ccmram         0x10000000        0x0 load address 0x08005d38
                0x10000000                        . = ALIGN (0x4)
                0x10000000                        _sccmram = .
 *(.ccmram)
 *(.ccmram*)
                0x10000000                        . = ALIGN (0x4)
                0x10000000                        _eccmram = .
                0x10000000                        . = ALIGN (0x4)

.bss            0x200000a4      0x488
                0x200000a4                        _sbss = .
                0x200000a4                        __bss_start__ = _sbss
 *(.bss)
 .bss           0x200000a4       0x1c C:/ST/STM32CubeIDE_1.17.0/STM32CubeIDE/plugins/com.st.stm32cube.ide.mcu.externaltools.gnu-tools-for-stm32.13.3.rel1.win32_1.0.0.202411081344/tools/bin/../lib/gcc/arm-none-eabi/13.3.1/thumb/v7e-m+fp/hard/crtbegin.o
 *(.bss*)
 .bss.sock_io_mode
                0x200000c0        0x2 ./Core/Src/ioLibrary_Driver-master/Ethernet/socket.o
 .bss.sock_is_sending
                0x200000c2        0x2 ./Core/Src/ioLibrary_Driver-master/Ethernet/socket.o
 .bss.sock_remained_size
                0x200000c4       0x10 ./Core/Src/ioLibrary_Driver-master/Ethernet/socket.o
 .bss.sock_pack_info
                0x200000d4        0x8 ./Core/Src/ioLibrary_Driver-master/Ethernet/socket.o
                0x200000d4                sock_pack_info
 .bss._DNS_     0x200000dc        0x4 ./Core/Src/ioLibrary_Driver-master/Ethernet/wizchip_conf.o
 .bss._DHCP_    0x200000e0        0x1 ./Core/Src/ioLibrary_Driver-master/Ethernet/wizchip_conf.o
 *fill*         0x200000e1        0x3 
 .bss.hspi1     0x200000e4       0x64 ./Core/Src/main.o
                0x200000e4                hspi1
 .bss.huart2    0x20000148       0x88 ./Core/Src/main.o
                0x20000148                huart2
 .bss.uart2Stream
                0x200001d0      0x20c ./Core/Src/main.o
                0x200001d0                uart2Stream
 .bss.__sbrk_heap_end
                0x200003dc        0x4 ./Core/Src/sysmem.o
 .bss.uwTick    0x200003e0        0x4 ./Drivers/STM32F3xx_HAL_Driver/Src/stm32f3xx_hal.o
                0x200003e0                uwTick
 .bss.__malloc_sbrk_start
                0x200003e4        0x4 C:/ST/STM32CubeIDE_1.17.0/STM32CubeIDE/plugins/com.st.stm32cube.ide.mcu.externaltools.gnu-tools-for-stm32.13.3.rel1.win32_1.0.0.202411081344/tools/bin/../lib/gcc/arm-none-eabi/13.3.1/../../../../arm-none-eabi/lib/thumb/v7e-m+fp/hard\libc_nano.a(libc_a-mallocr.o)
                0x200003e4                __malloc_sbrk_start
 .bss.__malloc_free_list
                0x200003e8        0x4 C:/ST/STM32CubeIDE_1.17.0/STM32CubeIDE/plugins/com.st.stm32cube.ide.mcu.externaltools.gnu-tools-for-stm32.13.3.rel1.win32_1.0.0.202411081344/tools/bin/../lib/gcc/arm-none-eabi/13.3.1/../../../../arm-none-eabi/lib/thumb/v7e-m+fp/hard\libc_nano.a(libc_a-mallocr.o)
                0x200003e8                __malloc_free_list
 .bss.__sf      0x200003ec      0x138 C:/ST/STM32CubeIDE_1.17.0/STM32CubeIDE/plugins/com.st.stm32cube.ide.mcu.externaltools.gnu-tools-for-stm32.13.3.rel1.win32_1.0.0.202411081344/tools/bin/../lib/gcc/arm-none-eabi/13.3.1/../../../../arm-none-eabi/lib/thumb/v7e-m+fp/hard\libc_nano.a(libc_a-findfp.o)
                0x200003ec                __sf
 .bss.errno     0x20000524        0x4 C:/ST/STM32CubeIDE_1.17.0/STM32CubeIDE/plugins/com.st.stm32cube.ide.mcu.externaltools.gnu-tools-for-stm32.13.3.rel1.win32_1.0.0.202411081344/tools/bin/../lib/gcc/arm-none-eabi/13.3.1/../../../../arm-none-eabi/lib/thumb/v7e-m+fp/hard\libc_nano.a(libc_a-reent.o)
                0x20000524                errno
 .bss.__lock___malloc_recursive_mutex
                0x20000528        0x1 C:/ST/STM32CubeIDE_1.17.0/STM32CubeIDE/plugins/com.st.stm32cube.ide.mcu.externaltools.gnu-tools-for-stm32.13.3.rel1.win32_1.0.0.202411081344/tools/bin/../lib/gcc/arm-none-eabi/13.3.1/../../../../arm-none-eabi/lib/thumb/v7e-m+fp/hard\libc_nano.a(libc_a-lock.o)
                0x20000528                __lock___malloc_recursive_mutex
 *(COMMON)
                0x2000052c                        . = ALIGN (0x4)
 *fill*         0x20000529        0x3 
                0x2000052c                        _ebss = .
                0x2000052c                        __bss_end__ = _ebss

._user_heap_stack
                0x2000052c      0x604
                0x20000530                        . = ALIGN (0x8)
 *fill*         0x2000052c        0x4 
                [!provide]                        PROVIDE (end = .)
                0x20000530                        PROVIDE (_end = .)
                0x20000730                        . = (. + _Min_Heap_Size)
 *fill*         0x20000530      0x200 
                0x20000b30                        . = (. + _Min_Stack_Size)
 *fill*         0x20000730      0x400 
                0x20000b30                        . = ALIGN (0x8)

/DISCARD/
 libc.a(*)
 libm.a(*)
 libgcc.a(*)

.ARM.attributes
                0x00000000       0x30
 *(.ARM.attributes)
 .ARM.attributes
                0x00000000       0x22 C:/ST/STM32CubeIDE_1.17.0/STM32CubeIDE/plugins/com.st.stm32cube.ide.mcu.externaltools.gnu-tools-for-stm32.13.3.rel1.win32_1.0.0.202411081344/tools/bin/../lib/gcc/arm-none-eabi/13.3.1/thumb/v7e-m+fp/hard/crti.o
 .ARM.attributes
                0x00000022       0x34 C:/ST/STM32CubeIDE_1.17.0/STM32CubeIDE/plugins/com.st.stm32cube.ide.mcu.externaltools.gnu-tools-for-stm32.13.3.rel1.win32_1.0.0.202411081344/tools/bin/../lib/gcc/arm-none-eabi/13.3.1/thumb/v7e-m+fp/hard/crtbegin.o
 .ARM.attributes
                0x00000056       0x34 ./Core/Src/ioLibrary_Driver-master/Ethernet/W5500/w5500.o
 .ARM.attributes
                0x0000008a       0x34 ./Core/Src/ioLibrary_Driver-master/Ethernet/socket.o
 .ARM.attributes
                0x000000be       0x34 ./Core/Src/ioLibrary_Driver-master/Ethernet/wizchip_conf.o
 .ARM.attributes
                0x000000f2       0x34 ./Core/Src/main.o
 .ARM.attributes
                0x00000126       0x34 ./Core/Src/stm32f3xx_hal_msp.o
 .ARM.attributes
                0x0000015a       0x34 ./Core/Src/stm32f3xx_it.o
 .ARM.attributes
                0x0000018e       0x34 ./Core/Src/sysmem.o
 .ARM.attributes
                0x000001c2       0x34 ./Core/Src/system_stm32f3xx.o
 .ARM.attributes
                0x000001f6       0x21 ./Core/Startup/startup_stm32f303k8tx.o
 .ARM.attributes
                0x00000217       0x34 ./Drivers/STM32F3xx_HAL_Driver/Src/stm32f3xx_hal.o
 .ARM.attributes
                0x0000024b       0x34 ./Drivers/STM32F3xx_HAL_Driver/Src/stm32f3xx_hal_cortex.o
 .ARM.attributes
                0x0000027f       0x34 ./Drivers/STM32F3xx_HAL_Driver/Src/stm32f3xx_hal_gpio.o
 .ARM.attributes
                0x000002b3       0x34 ./Drivers/STM32F3xx_HAL_Driver/Src/stm32f3xx_hal_rcc.o
 .ARM.attributes
                0x000002e7       0x34 ./Drivers/STM32F3xx_HAL_Driver/Src/stm32f3xx_hal_spi.o
 .ARM.attributes
                0x0000031b       0x34 ./Drivers/STM32F3xx_HAL_Driver/Src/stm32f3xx_hal_uart.o
 .ARM.attributes
                0x0000034f       0x34 C:/ST/STM32CubeIDE_1.17.0/STM32CubeIDE/plugins/com.st.stm32cube.ide.mcu.externaltools.gnu-tools-for-stm32.13.3.rel1.win32_1.0.0.202411081344/tools/bin/../lib/gcc/arm-none-eabi/13.3.1/../../../../arm-none-eabi/lib/thumb/v7e-m+fp/hard\libc_nano.a(libc_a-mallocr.o)
 .ARM.attributes
                0x00000383       0x34 C:/ST/STM32CubeIDE_1.17.0/STM32CubeIDE/plugins/com.st.stm32cube.ide.mcu.externaltools.gnu-tools-for-stm32.13.3.rel1.win32_1.0.0.202411081344/tools/bin/../lib/gcc/arm-none-eabi/13.3.1/../../../../arm-none-eabi/lib/thumb/v7e-m+fp/hard\libc_nano.a(libc_a-mlock.o)
 .ARM.attributes
                0x000003b7       0x34 C:/ST/STM32CubeIDE_1.17.0/STM32CubeIDE/plugins/com.st.stm32cube.ide.mcu.externaltools.gnu-tools-for-stm32.13.3.rel1.win32_1.0.0.202411081344/tools/bin/../lib/gcc/arm-none-eabi/13.3.1/../../../../arm-none-eabi/lib/thumb/v7e-m+fp/hard\libc_nano.a(libc_a-findfp.o)
 .ARM.attributes
                0x000003eb       0x34 C:/ST/STM32CubeIDE_1.17.0/STM32CubeIDE/plugins/com.st.stm32cube.ide.mcu.externaltools.gnu-tools-for-stm32.13.3.rel1.win32_1.0.0.202411081344/tools/bin/../lib/gcc/arm-none-eabi/13.3.1/../../../../arm-none-eabi/lib/thumb/v7e-m+fp/hard\libc_nano.a(libc_a-vsnprintf.o)
 .ARM.attributes
                0x0000041f       0x34 C:/ST/STM32CubeIDE_1.17.0/STM32CubeIDE/plugins/com.st.stm32cube.ide.mcu.externaltools.gnu-tools-for-stm32.13.3.rel1.win32_1.0.0.202411081344/tools/bin/../lib/gcc/arm-none-eabi/13.3.1/../../../../arm-none-eabi/lib/thumb/v7e-m+fp/hard\libc_nano.a(libc_a-memset.o)
 .ARM.attributes
                0x00000453       0x34 C:/ST/STM32CubeIDE_1.17.0/STM32CubeIDE/plugins/com.st.stm32cube.ide.mcu.externaltools.gnu-tools-for-stm32.13.3.rel1.win32_1.0.0.202411081344/tools/bin/../lib/gcc/arm-none-eabi/13.3.1/../../../../arm-none-eabi/lib/thumb/v7e-m+fp/hard\libc_nano.a(libc_a-reent.o)
 .ARM.attributes
                0x00000487       0x34 C:/ST/STM32CubeIDE_1.17.0/STM32CubeIDE/plugins/com.st.stm32cube.ide.mcu.externaltools.gnu-tools-for-stm32.13.3.rel1.win32_1.0.0.202411081344/tools/bin/../lib/gcc/arm-none-eabi/13.3.1/../../../../arm-none-eabi/lib/thumb/v7e-m+fp/hard\libc_nano.a(libc_a-impure.o)
 .ARM.attributes
                0x000004bb       0x34 C:/ST/STM32CubeIDE_1.17.0/STM32CubeIDE/plugins/com.st.stm32cube.ide.mcu.externaltools.gnu-tools-for-stm32.13.3.rel1.win32_1.0.0.202411081344/tools/bin/../lib/gcc/arm-none-eabi/13.3.1/../../../../arm-none-eabi/lib/thumb/v7e-m+fp/hard\libc_nano.a(libc_a-sbrkr.o)
 .ARM.attributes
                0x000004ef       0x34 C:/ST/STM32CubeIDE_1.17.0/STM32CubeIDE/plugins/com.st.stm32cube.ide.mcu.externaltools.gnu-tools-for-stm32.13.3.rel1.win32_1.0.0.202411081344/tools/bin/../lib/gcc/arm-none-eabi/13.3.1/../../../../arm-none-eabi/lib/thumb/v7e-m+fp/hard\libc_nano.a(libc_a-errno.o)
 .ARM.attributes
                0x00000523       0x34 C:/ST/STM32CubeIDE_1.17.0/STM32CubeIDE/plugins/com.st.stm32cube.ide.mcu.externaltools.gnu-tools-for-stm32.13.3.rel1.win32_1.0.0.202411081344/tools/bin/../lib/gcc/arm-none-eabi/13.3.1/../../../../arm-none-eabi/lib/thumb/v7e-m+fp/hard\libc_nano.a(libc_a-init.o)
 .ARM.attributes
                0x00000557       0x34 C:/ST/STM32CubeIDE_1.17.0/STM32CubeIDE/plugins/com.st.stm32cube.ide.mcu.externaltools.gnu-tools-for-stm32.13.3.rel1.win32_1.0.0.202411081344/tools/bin/../lib/gcc/arm-none-eabi/13.3.1/../../../../arm-none-eabi/lib/thumb/v7e-m+fp/hard\libc_nano.a(libc_a-lock.o)
 .ARM.attributes
                0x0000058b       0x20 C:/ST/STM32CubeIDE_1.17.0/STM32CubeIDE/plugins/com.st.stm32cube.ide.mcu.externaltools.gnu-tools-for-stm32.13.3.rel1.win32_1.0.0.202411081344/tools/bin/../lib/gcc/arm-none-eabi/13.3.1/../../../../arm-none-eabi/lib/thumb/v7e-m+fp/hard\libc_nano.a(libc_a-strcmp.o)
 .ARM.attributes
                0x000005ab       0x34 C:/ST/STM32CubeIDE_1.17.0/STM32CubeIDE/plugins/com.st.stm32cube.ide.mcu.externaltools.gnu-tools-for-stm32.13.3.rel1.win32_1.0.0.202411081344/tools/bin/../lib/gcc/arm-none-eabi/13.3.1/../../../../arm-none-eabi/lib/thumb/v7e-m+fp/hard\libc_nano.a(libc_a-memcpy-stub.o)
 .ARM.attributes
                0x000005df       0x17 C:/ST/STM32CubeIDE_1.17.0/STM32CubeIDE/plugins/com.st.stm32cube.ide.mcu.externaltools.gnu-tools-for-stm32.13.3.rel1.win32_1.0.0.202411081344/tools/bin/../lib/gcc/arm-none-eabi/13.3.1/../../../../arm-none-eabi/lib/thumb/v7e-m+fp/hard\libc_nano.a(libc_a-strlen.o)
 .ARM.attributes
                0x000005f6       0x34 C:/ST/STM32CubeIDE_1.17.0/STM32CubeIDE/plugins/com.st.stm32cube.ide.mcu.externaltools.gnu-tools-for-stm32.13.3.rel1.win32_1.0.0.202411081344/tools/bin/../lib/gcc/arm-none-eabi/13.3.1/../../../../arm-none-eabi/lib/thumb/v7e-m+fp/hard\libc_nano.a(libc_a-freer.o)
 .ARM.attributes
                0x0000062a       0x34 C:/ST/STM32CubeIDE_1.17.0/STM32CubeIDE/plugins/com.st.stm32cube.ide.mcu.externaltools.gnu-tools-for-stm32.13.3.rel1.win32_1.0.0.202411081344/tools/bin/../lib/gcc/arm-none-eabi/13.3.1/../../../../arm-none-eabi/lib/thumb/v7e-m+fp/hard\libc_nano.a(libc_a-nano-svfprintf.o)
 .ARM.attributes
                0x0000065e       0x34 C:/ST/STM32CubeIDE_1.17.0/STM32CubeIDE/plugins/com.st.stm32cube.ide.mcu.externaltools.gnu-tools-for-stm32.13.3.rel1.win32_1.0.0.202411081344/tools/bin/../lib/gcc/arm-none-eabi/13.3.1/../../../../arm-none-eabi/lib/thumb/v7e-m+fp/hard\libc_nano.a(libc_a-nano-vfprintf_i.o)
 .ARM.attributes
                0x00000692       0x34 C:/ST/STM32CubeIDE_1.17.0/STM32CubeIDE/plugins/com.st.stm32cube.ide.mcu.externaltools.gnu-tools-for-stm32.13.3.rel1.win32_1.0.0.202411081344/tools/bin/../lib/gcc/arm-none-eabi/13.3.1/../../../../arm-none-eabi/lib/thumb/v7e-m+fp/hard\libc_nano.a(libc_a-memmove.o)
 .ARM.attributes
                0x000006c6       0x1c C:/ST/STM32CubeIDE_1.17.0/STM32CubeIDE/plugins/com.st.stm32cube.ide.mcu.externaltools.gnu-tools-for-stm32.13.3.rel1.win32_1.0.0.202411081344/tools/bin/../lib/gcc/arm-none-eabi/13.3.1/../../../../arm-none-eabi/lib/thumb/v7e-m+fp/hard\libc_nano.a(libc_a-memchr.o)
 .ARM.attributes
                0x000006e2       0x34 C:/ST/STM32CubeIDE_1.17.0/STM32CubeIDE/plugins/com.st.stm32cube.ide.mcu.externaltools.gnu-tools-for-stm32.13.3.rel1.win32_1.0.0.202411081344/tools/bin/../lib/gcc/arm-none-eabi/13.3.1/../../../../arm-none-eabi/lib/thumb/v7e-m+fp/hard\libc_nano.a(libc_a-reallocr.o)
 .ARM.attributes
                0x00000716       0x34 C:/ST/STM32CubeIDE_1.17.0/STM32CubeIDE/plugins/com.st.stm32cube.ide.mcu.externaltools.gnu-tools-for-stm32.13.3.rel1.win32_1.0.0.202411081344/tools/bin/../lib/gcc/arm-none-eabi/13.3.1/../../../../arm-none-eabi/lib/thumb/v7e-m+fp/hard\libc_nano.a(libc_a-msizer.o)
 .ARM.attributes
                0x0000074a       0x22 C:/ST/STM32CubeIDE_1.17.0/STM32CubeIDE/plugins/com.st.stm32cube.ide.mcu.externaltools.gnu-tools-for-stm32.13.3.rel1.win32_1.0.0.202411081344/tools/bin/../lib/gcc/arm-none-eabi/13.3.1/thumb/v7e-m+fp/hard/crtn.o
OUTPUT(tcpServer.elf elf32-littlearm)
LOAD linker stubs
LOAD C:/ST/STM32CubeIDE_1.17.0/STM32CubeIDE/plugins/com.st.stm32cube.ide.mcu.externaltools.gnu-tools-for-stm32.13.3.rel1.win32_1.0.0.202411081344/tools/bin/../lib/gcc/arm-none-eabi/13.3.1/../../../../arm-none-eabi/lib/thumb/v7e-m+fp/hard\libc.a
LOAD C:/ST/STM32CubeIDE_1.17.0/STM32CubeIDE/plugins/com.st.stm32cube.ide.mcu.externaltools.gnu-tools-for-stm32.13.3.rel1.win32_1.0.0.202411081344/tools/bin/../lib/gcc/arm-none-eabi/13.3.1/../../../../arm-none-eabi/lib/thumb/v7e-m+fp/hard\libm.a
LOAD C:/ST/STM32CubeIDE_1.17.0/STM32CubeIDE/plugins/com.st.stm32cube.ide.mcu.externaltools.gnu-tools-for-stm32.13.3.rel1.win32_1.0.0.202411081344/tools/bin/../lib/gcc/arm-none-eabi/13.3.1/thumb/v7e-m+fp/hard\libgcc.a

.debug_info     0x00000000     0xc3f0
 .debug_info    0x00000000      0x5e8 ./Core/Src/ioLibrary_Driver-master/Ethernet/W5500/w5500.o
 .debug_info    0x000005e8      0xa1d ./Core/Src/ioLibrary_Driver-master/Ethernet/socket.o
 .debug_info    0x00001005      0xf47 ./Core/Src/ioLibrary_Driver-master/Ethernet/wizchip_conf.o
 .debug_info    0x00001f4c     0x1552 ./Core/Src/main.o
 .debug_info    0x0000349e      0xbed ./Core/Src/stm32f3xx_hal_msp.o
 .debug_info    0x0000408b      0x113 ./Core/Src/stm32f3xx_it.o
 .debug_info    0x0000419e      0x168 ./Core/Src/sysmem.o
 .debug_info    0x00004306      0x407 ./Core/Src/system_stm32f3xx.o
 .debug_info    0x0000470d       0x30 ./Core/Startup/startup_stm32f303k8tx.o
 .debug_info    0x0000473d      0x74a ./Drivers/STM32F3xx_HAL_Driver/Src/stm32f3xx_hal.o
 .debug_info    0x00004e87      0xa87 ./Drivers/STM32F3xx_HAL_Driver/Src/stm32f3xx_hal_cortex.o
 .debug_info    0x0000590e      0x6a6 ./Drivers/STM32F3xx_HAL_Driver/Src/stm32f3xx_hal_gpio.o
 .debug_info    0x00005fb4     0x148a ./Drivers/STM32F3xx_HAL_Driver/Src/stm32f3xx_hal_rcc.o
 .debug_info    0x0000743e     0x160a ./Drivers/STM32F3xx_HAL_Driver/Src/stm32f3xx_hal_spi.o
 .debug_info    0x00008a48     0x39a8 ./Drivers/STM32F3xx_HAL_Driver/Src/stm32f3xx_hal_uart.o

.debug_abbrev   0x00000000     0x1d8d
 .debug_abbrev  0x00000000      0x20b ./Core/Src/ioLibrary_Driver-master/Ethernet/W5500/w5500.o
 .debug_abbrev  0x0000020b      0x1c5 ./Core/Src/ioLibrary_Driver-master/Ethernet/socket.o
 .debug_abbrev  0x000003d0      0x31f ./Core/Src/ioLibrary_Driver-master/Ethernet/wizchip_conf.o
 .debug_abbrev  0x000006ef      0x376 ./Core/Src/main.o
 .debug_abbrev  0x00000a65      0x1aa ./Core/Src/stm32f3xx_hal_msp.o
 .debug_abbrev  0x00000c0f       0x73 ./Core/Src/stm32f3xx_it.o
 .debug_abbrev  0x00000c82       0xbc ./Core/Src/sysmem.o
 .debug_abbrev  0x00000d3e      0x11a ./Core/Src/system_stm32f3xx.o
 .debug_abbrev  0x00000e58       0x24 ./Core/Startup/startup_stm32f303k8tx.o
 .debug_abbrev  0x00000e7c      0x215 ./Drivers/STM32F3xx_HAL_Driver/Src/stm32f3xx_hal.o
 .debug_abbrev  0x00001091      0x2f8 ./Drivers/STM32F3xx_HAL_Driver/Src/stm32f3xx_hal_cortex.o
 .debug_abbrev  0x00001389      0x1ca ./Drivers/STM32F3xx_HAL_Driver/Src/stm32f3xx_hal_gpio.o
 .debug_abbrev  0x00001553      0x300 ./Drivers/STM32F3xx_HAL_Driver/Src/stm32f3xx_hal_rcc.o
 .debug_abbrev  0x00001853      0x269 ./Drivers/STM32F3xx_HAL_Driver/Src/stm32f3xx_hal_spi.o
 .debug_abbrev  0x00001abc      0x2d1 ./Drivers/STM32F3xx_HAL_Driver/Src/stm32f3xx_hal_uart.o

.debug_aranges  0x00000000      0xad0
 .debug_aranges
                0x00000000       0x60 ./Core/Src/ioLibrary_Driver-master/Ethernet/W5500/w5500.o
 .debug_aranges
                0x00000060       0xa8 ./Core/Src/ioLibrary_Driver-master/Ethernet/socket.o
 .debug_aranges
                0x00000108      0x168 ./Core/Src/ioLibrary_Driver-master/Ethernet/wizchip_conf.o
 .debug_aranges
                0x00000270       0x90 ./Core/Src/main.o
 .debug_aranges
                0x00000300       0x40 ./Core/Src/stm32f3xx_hal_msp.o
 .debug_aranges
                0x00000340       0x60 ./Core/Src/stm32f3xx_it.o
 .debug_aranges
                0x000003a0       0x20 ./Core/Src/sysmem.o
 .debug_aranges
                0x000003c0       0x28 ./Core/Src/system_stm32f3xx.o
 .debug_aranges
                0x000003e8       0x28 ./Core/Startup/startup_stm32f303k8tx.o
 .debug_aranges
                0x00000410       0xe0 ./Drivers/STM32F3xx_HAL_Driver/Src/stm32f3xx_hal.o
 .debug_aranges
                0x000004f0      0x100 ./Drivers/STM32F3xx_HAL_Driver/Src/stm32f3xx_hal_cortex.o
 .debug_aranges
                0x000005f0       0x58 ./Drivers/STM32F3xx_HAL_Driver/Src/stm32f3xx_hal_gpio.o
 .debug_aranges
                0x00000648       0x88 ./Drivers/STM32F3xx_HAL_Driver/Src/stm32f3xx_hal_rcc.o
 .debug_aranges
                0x000006d0      0x1d8 ./Drivers/STM32F3xx_HAL_Driver/Src/stm32f3xx_hal_spi.o
 .debug_aranges
                0x000008a8      0x228 ./Drivers/STM32F3xx_HAL_Driver/Src/stm32f3xx_hal_uart.o

.debug_rnglists
                0x00000000      0x872
 .debug_rnglists
                0x00000000       0x4c ./Core/Src/ioLibrary_Driver-master/Ethernet/W5500/w5500.o
 .debug_rnglists
                0x0000004c       0x91 ./Core/Src/ioLibrary_Driver-master/Ethernet/socket.o
 .debug_rnglists
                0x000000dd      0x111 ./Core/Src/ioLibrary_Driver-master/Ethernet/wizchip_conf.o
 .debug_rnglists
                0x000001ee       0x79 ./Core/Src/main.o
 .debug_rnglists
                0x00000267       0x2d ./Core/Src/stm32f3xx_hal_msp.o
 .debug_rnglists
                0x00000294       0x43 ./Core/Src/stm32f3xx_it.o
 .debug_rnglists
                0x000002d7       0x13 ./Core/Src/sysmem.o
 .debug_rnglists
                0x000002ea       0x1a ./Core/Src/system_stm32f3xx.o
 .debug_rnglists
                0x00000304       0x19 ./Core/Startup/startup_stm32f303k8tx.o
 .debug_rnglists
                0x0000031d       0xa3 ./Drivers/STM32F3xx_HAL_Driver/Src/stm32f3xx_hal.o
 .debug_rnglists
                0x000003c0       0xbb ./Drivers/STM32F3xx_HAL_Driver/Src/stm32f3xx_hal_cortex.o
 .debug_rnglists
                0x0000047b       0x3f ./Drivers/STM32F3xx_HAL_Driver/Src/stm32f3xx_hal_gpio.o
 .debug_rnglists
                0x000004ba       0x66 ./Drivers/STM32F3xx_HAL_Driver/Src/stm32f3xx_hal_rcc.o
 .debug_rnglists
                0x00000520      0x178 ./Drivers/STM32F3xx_HAL_Driver/Src/stm32f3xx_hal_spi.o
 .debug_rnglists
                0x00000698      0x1da ./Drivers/STM32F3xx_HAL_Driver/Src/stm32f3xx_hal_uart.o

.debug_macro    0x00000000    0x195cc
 .debug_macro   0x00000000       0x9d ./Core/Src/ioLibrary_Driver-master/Ethernet/W5500/w5500.o
 .debug_macro   0x0000009d       0xf6 ./Core/Src/ioLibrary_Driver-master/Ethernet/socket.o
 .debug_macro   0x00000193       0x8b ./Core/Src/ioLibrary_Driver-master/Ethernet/socket.o
 .debug_macro   0x0000021e       0x94 ./Core/Src/ioLibrary_Driver-master/Ethernet/wizchip_conf.o
 .debug_macro   0x000002b2      0x190 ./Core/Src/ioLibrary_Driver-master/Ethernet/wizchip_conf.o
 .debug_macro   0x00000442      0x31b ./Core/Src/main.o
 .debug_macro   0x0000075d      0x15e ./Core/Src/main.o
 .debug_macro   0x000008bb       0x2e ./Core/Src/main.o
 .debug_macro   0x000008e9       0x28 ./Core/Src/main.o
 .debug_macro   0x00000911       0x1c ./Core/Src/main.o
 .debug_macro   0x0000092d       0x22 ./Core/Src/main.o
 .debug_macro   0x0000094f       0xd9 ./Core/Src/main.o
 .debug_macro   0x00000a28      0xf07 ./Core/Src/main.o
 .debug_macro   0x0000192f    0x10be0 ./Core/Src/main.o
 .debug_macro   0x0001250f       0x6d ./Core/Src/main.o
 .debug_macro   0x0001257c     0x3574 ./Core/Src/main.o
 .debug_macro   0x00015af0       0x55 ./Core/Src/main.o
 .debug_macro   0x00015b45      0x8f8 ./Core/Src/main.o
 .debug_macro   0x0001643d      0x304 ./Core/Src/main.o
 .debug_macro   0x00016741      0x1b5 ./Core/Src/main.o
 .debug_macro   0x000168f6      0x11b ./Core/Src/main.o
 .debug_macro   0x00016a11      0x1d5 ./Core/Src/main.o
 .debug_macro   0x00016be6      0x1bc ./Core/Src/main.o
 .debug_macro   0x00016da2       0x34 ./Core/Src/main.o
 .debug_macro   0x00016dd6       0x3c ./Core/Src/main.o
 .debug_macro   0x00016e12       0x57 ./Core/Src/main.o
 .debug_macro   0x00016e69       0xc5 ./Core/Src/main.o
 .debug_macro   0x00016f2e      0x19f ./Core/Src/main.o
 .debug_macro   0x000170cd      0x22c ./Core/Src/main.o
 .debug_macro   0x000172f9       0x5b ./Core/Src/main.o
 .debug_macro   0x00017354       0xa5 ./Core/Src/main.o
 .debug_macro   0x000173f9       0x81 ./Core/Src/main.o
 .debug_macro   0x0001747a       0xd3 ./Core/Src/main.o
 .debug_macro   0x0001754d      0x2fe ./Core/Src/main.o
 .debug_macro   0x0001784b      0x5ba ./Core/Src/main.o
 .debug_macro   0x00017e05       0x44 ./Core/Src/main.o
 .debug_macro   0x00017e49      0x285 ./Core/Src/main.o
 .debug_macro   0x000180ce       0x88 ./Core/Src/main.o
 .debug_macro   0x00018156       0x58 ./Core/Src/main.o
 .debug_macro   0x000181ae       0x22 ./Core/Src/main.o
 .debug_macro   0x000181d0       0x1c ./Core/Src/main.o
 .debug_macro   0x000181ec      0x1d5 ./Core/Src/stm32f3xx_hal_msp.o
 .debug_macro   0x000183c1      0x1df ./Core/Src/stm32f3xx_it.o
 .debug_macro   0x000185a0      0x112 ./Core/Src/sysmem.o
 .debug_macro   0x000186b2      0x23c ./Core/Src/sysmem.o
 .debug_macro   0x000188ee      0x1c6 ./Core/Src/system_stm32f3xx.o
 .debug_macro   0x00018ab4      0x1ea ./Drivers/STM32F3xx_HAL_Driver/Src/stm32f3xx_hal.o
 .debug_macro   0x00018c9e      0x1c6 ./Drivers/STM32F3xx_HAL_Driver/Src/stm32f3xx_hal_cortex.o
 .debug_macro   0x00018e64      0x1cd ./Drivers/STM32F3xx_HAL_Driver/Src/stm32f3xx_hal_gpio.o
 .debug_macro   0x00019031      0x1ea ./Drivers/STM32F3xx_HAL_Driver/Src/stm32f3xx_hal_rcc.o
 .debug_macro   0x0001921b      0x1ce ./Drivers/STM32F3xx_HAL_Driver/Src/stm32f3xx_hal_spi.o
 .debug_macro   0x000193e9      0x1e3 ./Drivers/STM32F3xx_HAL_Driver/Src/stm32f3xx_hal_uart.o

.debug_line     0x00000000     0xd450
 .debug_line    0x00000000      0x7d6 ./Core/Src/ioLibrary_Driver-master/Ethernet/W5500/w5500.o
 .debug_line    0x000007d6     0x1098 ./Core/Src/ioLibrary_Driver-master/Ethernet/socket.o
 .debug_line    0x0000186e      0xd8c ./Core/Src/ioLibrary_Driver-master/Ethernet/wizchip_conf.o
 .debug_line    0x000025fa      0xd07 ./Core/Src/main.o
 .debug_line    0x00003301      0x7fc ./Core/Src/stm32f3xx_hal_msp.o
 .debug_line    0x00003afd      0x811 ./Core/Src/stm32f3xx_it.o
 .debug_line    0x0000430e      0x588 ./Core/Src/sysmem.o
 .debug_line    0x00004896      0x7dc ./Core/Src/system_stm32f3xx.o
 .debug_line    0x00005072       0x7a ./Core/Startup/startup_stm32f303k8tx.o
 .debug_line    0x000050ec      0xa18 ./Drivers/STM32F3xx_HAL_Driver/Src/stm32f3xx_hal.o
 .debug_line    0x00005b04      0xbdc ./Drivers/STM32F3xx_HAL_Driver/Src/stm32f3xx_hal_cortex.o
 .debug_line    0x000066e0      0xb4f ./Drivers/STM32F3xx_HAL_Driver/Src/stm32f3xx_hal_gpio.o
 .debug_line    0x0000722f     0x1577 ./Drivers/STM32F3xx_HAL_Driver/Src/stm32f3xx_hal_rcc.o
 .debug_line    0x000087a6     0x20a8 ./Drivers/STM32F3xx_HAL_Driver/Src/stm32f3xx_hal_spi.o
 .debug_line    0x0000a84e     0x2c02 ./Drivers/STM32F3xx_HAL_Driver/Src/stm32f3xx_hal_uart.o

.debug_str      0x00000000    0xa1512
 .debug_str     0x00000000    0xa1512 ./Core/Src/ioLibrary_Driver-master/Ethernet/W5500/w5500.o
                               0x6c3f (size before relaxing)
 .debug_str     0x000a1512     0x78cc ./Core/Src/ioLibrary_Driver-master/Ethernet/socket.o
 .debug_str     0x000a1512     0x7658 ./Core/Src/ioLibrary_Driver-master/Ethernet/wizchip_conf.o
 .debug_str     0x000a1512    0x9e860 ./Core/Src/main.o
 .debug_str     0x000a1512    0x9752f ./Core/Src/stm32f3xx_hal_msp.o
 .debug_str     0x000a1512    0x96ec2 ./Core/Src/stm32f3xx_it.o
 .debug_str     0x000a1512     0x776f ./Core/Src/sysmem.o
 .debug_str     0x000a1512    0x96ca0 ./Core/Src/system_stm32f3xx.o
 .debug_str     0x000a1512       0x71 ./Core/Startup/startup_stm32f303k8tx.o
 .debug_str     0x000a1512    0x97390 ./Drivers/STM32F3xx_HAL_Driver/Src/stm32f3xx_hal.o
 .debug_str     0x000a1512    0x972b5 ./Drivers/STM32F3xx_HAL_Driver/Src/stm32f3xx_hal_cortex.o
 .debug_str     0x000a1512    0x96e7f ./Drivers/STM32F3xx_HAL_Driver/Src/stm32f3xx_hal_gpio.o
 .debug_str     0x000a1512    0x97140 ./Drivers/STM32F3xx_HAL_Driver/Src/stm32f3xx_hal_rcc.o
 .debug_str     0x000a1512    0x975b8 ./Drivers/STM32F3xx_HAL_Driver/Src/stm32f3xx_hal_spi.o
 .debug_str     0x000a1512    0x979c3 ./Drivers/STM32F3xx_HAL_Driver/Src/stm32f3xx_hal_uart.o

.comment        0x00000000       0x43
 .comment       0x00000000       0x43 ./Core/Src/ioLibrary_Driver-master/Ethernet/W5500/w5500.o
                                 0x44 (size before relaxing)
 .comment       0x00000043       0x44 ./Core/Src/ioLibrary_Driver-master/Ethernet/socket.o
 .comment       0x00000043       0x44 ./Core/Src/ioLibrary_Driver-master/Ethernet/wizchip_conf.o
 .comment       0x00000043       0x44 ./Core/Src/main.o
 .comment       0x00000043       0x44 ./Core/Src/stm32f3xx_hal_msp.o
 .comment       0x00000043       0x44 ./Core/Src/stm32f3xx_it.o
 .comment       0x00000043       0x44 ./Core/Src/sysmem.o
 .comment       0x00000043       0x44 ./Core/Src/system_stm32f3xx.o
 .comment       0x00000043       0x44 ./Drivers/STM32F3xx_HAL_Driver/Src/stm32f3xx_hal.o
 .comment       0x00000043       0x44 ./Drivers/STM32F3xx_HAL_Driver/Src/stm32f3xx_hal_cortex.o
 .comment       0x00000043       0x44 ./Drivers/STM32F3xx_HAL_Driver/Src/stm32f3xx_hal_gpio.o
 .comment       0x00000043       0x44 ./Drivers/STM32F3xx_HAL_Driver/Src/stm32f3xx_hal_rcc.o
 .comment       0x00000043       0x44 ./Drivers/STM32F3xx_HAL_Driver/Src/stm32f3xx_hal_spi.o
 .comment       0x00000043       0x44 ./Drivers/STM32F3xx_HAL_Driver/Src/stm32f3xx_hal_uart.o

.debug_frame    0x00000000     0x3130
 .debug_frame   0x00000000      0x16c ./Core/Src/ioLibrary_Driver-master/Ethernet/W5500/w5500.o
 .debug_frame   0x0000016c      0x2b0 ./Core/Src/ioLibrary_Driver-master/Ethernet/socket.o
 .debug_frame   0x0000041c      0x61c ./Core/Src/ioLibrary_Driver-master/Ethernet/wizchip_conf.o
 .debug_frame   0x00000a38      0x218 ./Core/Src/main.o
 .debug_frame   0x00000c50       0xc8 ./Core/Src/stm32f3xx_hal_msp.o
 .debug_frame   0x00000d18      0x104 ./Core/Src/stm32f3xx_it.o
 .debug_frame   0x00000e1c       0x34 ./Core/Src/sysmem.o
 .debug_frame   0x00000e50       0x58 ./Core/Src/system_stm32f3xx.o
 .debug_frame   0x00000ea8      0x334 ./Drivers/STM32F3xx_HAL_Driver/Src/stm32f3xx_hal.o
 .debug_frame   0x000011dc      0x428 ./Drivers/STM32F3xx_HAL_Driver/Src/stm32f3xx_hal_cortex.o
 .debug_frame   0x00001604      0x14c ./Drivers/STM32F3xx_HAL_Driver/Src/stm32f3xx_hal_gpio.o
 .debug_frame   0x00001750      0x214 ./Drivers/STM32F3xx_HAL_Driver/Src/stm32f3xx_hal_rcc.o
 .debug_frame   0x00001964      0x860 ./Drivers/STM32F3xx_HAL_Driver/Src/stm32f3xx_hal_spi.o
 .debug_frame   0x000021c4      0x9e8 ./Drivers/STM32F3xx_HAL_Driver/Src/stm32f3xx_hal_uart.o
 .debug_frame   0x00002bac       0x50 C:/ST/STM32CubeIDE_1.17.0/STM32CubeIDE/plugins/com.st.stm32cube.ide.mcu.externaltools.gnu-tools-for-stm32.13.3.rel1.win32_1.0.0.202411081344/tools/bin/../lib/gcc/arm-none-eabi/13.3.1/../../../../arm-none-eabi/lib/thumb/v7e-m+fp/hard\libc_nano.a(libc_a-mallocr.o)
 .debug_frame   0x00002bfc       0x30 C:/ST/STM32CubeIDE_1.17.0/STM32CubeIDE/plugins/com.st.stm32cube.ide.mcu.externaltools.gnu-tools-for-stm32.13.3.rel1.win32_1.0.0.202411081344/tools/bin/../lib/gcc/arm-none-eabi/13.3.1/../../../../arm-none-eabi/lib/thumb/v7e-m+fp/hard\libc_nano.a(libc_a-mlock.o)
 .debug_frame   0x00002c2c      0x144 C:/ST/STM32CubeIDE_1.17.0/STM32CubeIDE/plugins/com.st.stm32cube.ide.mcu.externaltools.gnu-tools-for-stm32.13.3.rel1.win32_1.0.0.202411081344/tools/bin/../lib/gcc/arm-none-eabi/13.3.1/../../../../arm-none-eabi/lib/thumb/v7e-m+fp/hard\libc_nano.a(libc_a-findfp.o)
 .debug_frame   0x00002d70       0x4c C:/ST/STM32CubeIDE_1.17.0/STM32CubeIDE/plugins/com.st.stm32cube.ide.mcu.externaltools.gnu-tools-for-stm32.13.3.rel1.win32_1.0.0.202411081344/tools/bin/../lib/gcc/arm-none-eabi/13.3.1/../../../../arm-none-eabi/lib/thumb/v7e-m+fp/hard\libc_nano.a(libc_a-vsnprintf.o)
 .debug_frame   0x00002dbc       0x20 C:/ST/STM32CubeIDE_1.17.0/STM32CubeIDE/plugins/com.st.stm32cube.ide.mcu.externaltools.gnu-tools-for-stm32.13.3.rel1.win32_1.0.0.202411081344/tools/bin/../lib/gcc/arm-none-eabi/13.3.1/../../../../arm-none-eabi/lib/thumb/v7e-m+fp/hard\libc_nano.a(libc_a-memset.o)
 .debug_frame   0x00002ddc       0x38 C:/ST/STM32CubeIDE_1.17.0/STM32CubeIDE/plugins/com.st.stm32cube.ide.mcu.externaltools.gnu-tools-for-stm32.13.3.rel1.win32_1.0.0.202411081344/tools/bin/../lib/gcc/arm-none-eabi/13.3.1/../../../../arm-none-eabi/lib/thumb/v7e-m+fp/hard\libc_nano.a(libc_a-reent.o)
 .debug_frame   0x00002e14       0x2c C:/ST/STM32CubeIDE_1.17.0/STM32CubeIDE/plugins/com.st.stm32cube.ide.mcu.externaltools.gnu-tools-for-stm32.13.3.rel1.win32_1.0.0.202411081344/tools/bin/../lib/gcc/arm-none-eabi/13.3.1/../../../../arm-none-eabi/lib/thumb/v7e-m+fp/hard\libc_nano.a(libc_a-sbrkr.o)
 .debug_frame   0x00002e40       0x20 C:/ST/STM32CubeIDE_1.17.0/STM32CubeIDE/plugins/com.st.stm32cube.ide.mcu.externaltools.gnu-tools-for-stm32.13.3.rel1.win32_1.0.0.202411081344/tools/bin/../lib/gcc/arm-none-eabi/13.3.1/../../../../arm-none-eabi/lib/thumb/v7e-m+fp/hard\libc_nano.a(libc_a-errno.o)
 .debug_frame   0x00002e60       0x2c C:/ST/STM32CubeIDE_1.17.0/STM32CubeIDE/plugins/com.st.stm32cube.ide.mcu.externaltools.gnu-tools-for-stm32.13.3.rel1.win32_1.0.0.202411081344/tools/bin/../lib/gcc/arm-none-eabi/13.3.1/../../../../arm-none-eabi/lib/thumb/v7e-m+fp/hard\libc_nano.a(libc_a-init.o)
 .debug_frame   0x00002e8c       0xb0 C:/ST/STM32CubeIDE_1.17.0/STM32CubeIDE/plugins/com.st.stm32cube.ide.mcu.externaltools.gnu-tools-for-stm32.13.3.rel1.win32_1.0.0.202411081344/tools/bin/../lib/gcc/arm-none-eabi/13.3.1/../../../../arm-none-eabi/lib/thumb/v7e-m+fp/hard\libc_nano.a(libc_a-lock.o)
 .debug_frame   0x00002f3c       0x20 C:/ST/STM32CubeIDE_1.17.0/STM32CubeIDE/plugins/com.st.stm32cube.ide.mcu.externaltools.gnu-tools-for-stm32.13.3.rel1.win32_1.0.0.202411081344/tools/bin/../lib/gcc/arm-none-eabi/13.3.1/../../../../arm-none-eabi/lib/thumb/v7e-m+fp/hard\libc_nano.a(libc_a-strcmp.o)
 .debug_frame   0x00002f5c       0x28 C:/ST/STM32CubeIDE_1.17.0/STM32CubeIDE/plugins/com.st.stm32cube.ide.mcu.externaltools.gnu-tools-for-stm32.13.3.rel1.win32_1.0.0.202411081344/tools/bin/../lib/gcc/arm-none-eabi/13.3.1/../../../../arm-none-eabi/lib/thumb/v7e-m+fp/hard\libc_nano.a(libc_a-memcpy-stub.o)
 .debug_frame   0x00002f84       0x38 C:/ST/STM32CubeIDE_1.17.0/STM32CubeIDE/plugins/com.st.stm32cube.ide.mcu.externaltools.gnu-tools-for-stm32.13.3.rel1.win32_1.0.0.202411081344/tools/bin/../lib/gcc/arm-none-eabi/13.3.1/../../../../arm-none-eabi/lib/thumb/v7e-m+fp/hard\libc_nano.a(libc_a-freer.o)
 .debug_frame   0x00002fbc       0x90 C:/ST/STM32CubeIDE_1.17.0/STM32CubeIDE/plugins/com.st.stm32cube.ide.mcu.externaltools.gnu-tools-for-stm32.13.3.rel1.win32_1.0.0.202411081344/tools/bin/../lib/gcc/arm-none-eabi/13.3.1/../../../../arm-none-eabi/lib/thumb/v7e-m+fp/hard\libc_nano.a(libc_a-nano-svfprintf.o)
 .debug_frame   0x0000304c       0x60 C:/ST/STM32CubeIDE_1.17.0/STM32CubeIDE/plugins/com.st.stm32cube.ide.mcu.externaltools.gnu-tools-for-stm32.13.3.rel1.win32_1.0.0.202411081344/tools/bin/../lib/gcc/arm-none-eabi/13.3.1/../../../../arm-none-eabi/lib/thumb/v7e-m+fp/hard\libc_nano.a(libc_a-nano-vfprintf_i.o)
 .debug_frame   0x000030ac       0x28 C:/ST/STM32CubeIDE_1.17.0/STM32CubeIDE/plugins/com.st.stm32cube.ide.mcu.externaltools.gnu-tools-for-stm32.13.3.rel1.win32_1.0.0.202411081344/tools/bin/../lib/gcc/arm-none-eabi/13.3.1/../../../../arm-none-eabi/lib/thumb/v7e-m+fp/hard\libc_nano.a(libc_a-memmove.o)
 .debug_frame   0x000030d4       0x3c C:/ST/STM32CubeIDE_1.17.0/STM32CubeIDE/plugins/com.st.stm32cube.ide.mcu.externaltools.gnu-tools-for-stm32.13.3.rel1.win32_1.0.0.202411081344/tools/bin/../lib/gcc/arm-none-eabi/13.3.1/../../../../arm-none-eabi/lib/thumb/v7e-m+fp/hard\libc_nano.a(libc_a-reallocr.o)
 .debug_frame   0x00003110       0x20 C:/ST/STM32CubeIDE_1.17.0/STM32CubeIDE/plugins/com.st.stm32cube.ide.mcu.externaltools.gnu-tools-for-stm32.13.3.rel1.win32_1.0.0.202411081344/tools/bin/../lib/gcc/arm-none-eabi/13.3.1/../../../../arm-none-eabi/lib/thumb/v7e-m+fp/hard\libc_nano.a(libc_a-msizer.o)

.debug_line_str
                0x00000000       0x55
 .debug_line_str
                0x00000000       0x55 ./Core/Startup/startup_stm32f303k8tx.o
