../Core/Src/ioLibrary_Driver-master/Internet/SNMP/snmp.c:63:6:currentUptime	32	static
../Core/Src/ioLibrary_Driver-master/Internet/SNMP/snmp.c:72:6:SNMP_time_handler	4	static
../Core/Src/ioLibrary_Driver-master/Internet/SNMP/snmp.c:78:10:getSNMPTimeTick	4	static
../Core/Src/ioLibrary_Driver-master/Internet/SNMP/snmp.c:100:6:snmpd_init	32	static
../Core/Src/ioLibrary_Driver-master/Internet/SNMP/snmp.c:145:9:snmpd_run	40	static
../Core/Src/ioLibrary_Driver-master/Internet/SNMP/snmp.c:229:9:findEntry	24	static
../Core/Src/ioLibrary_Driver-master/Internet/SNMP/snmp.c:245:9:getOID	32	static
../Core/Src/ioLibrary_Driver-master/Internet/SNMP/snmp.c:262:9:getValue	24	static
../Core/Src/ioLibrary_Driver-master/Internet/SNMP/snmp.c:277:9:getEntry	40	static
../Core/Src/ioLibrary_Driver-master/Internet/SNMP/snmp.c:353:9:setEntry	40	static
../Core/Src/ioLibrary_Driver-master/Internet/SNMP/snmp.c:408:9:parseLength	24	static
../Core/Src/ioLibrary_Driver-master/Internet/SNMP/snmp.c:432:9:parseTLV	32	static
../Core/Src/ioLibrary_Driver-master/Internet/SNMP/snmp.c:459:6:insertRespLen	40	static
../Core/Src/ioLibrary_Driver-master/Internet/SNMP/snmp.c:484:9:parseVarBind	80	static
../Core/Src/ioLibrary_Driver-master/Internet/SNMP/snmp.c:568:9:parseSequence	48	static
../Core/Src/ioLibrary_Driver-master/Internet/SNMP/snmp.c:590:9:parseSequenceOf	48	static
../Core/Src/ioLibrary_Driver-master/Internet/SNMP/snmp.c:616:9:parseRequest	96	static
../Core/Src/ioLibrary_Driver-master/Internet/SNMP/snmp.c:666:9:parseCommunity	32	static
../Core/Src/ioLibrary_Driver-master/Internet/SNMP/snmp.c:696:9:parseVersion	32	static
../Core/Src/ioLibrary_Driver-master/Internet/SNMP/snmp.c:716:9:parseSNMPMessage	40	static
../Core/Src/ioLibrary_Driver-master/Internet/SNMP/snmp.c:739:6:ipToByteArray	80	static
../Core/Src/ioLibrary_Driver-master/Internet/SNMP/snmp.c:756:9:makeTrapVariableBindings	32	static
../Core/Src/ioLibrary_Driver-master/Internet/SNMP/snmp.c:817:9:snmp_sendTrap	80	static
../Core/Src/ioLibrary_Driver-master/Internet/SNMP/snmp.c:920:6:dumpCode	40	static
