../Core/Src/ioLibrary_Driver-master/Internet/TFTP/tftp.c:56:13:set_filename	16	static
../Core/Src/ioLibrary_Driver-master/Internet/TFTP/tftp.c:61:20:set_server_ip	16	static
../Core/Src/ioLibrary_Driver-master/Internet/TFTP/tftp.c:66:24:get_server_ip	4	static
../Core/Src/ioLibrary_Driver-master/Internet/TFTP/tftp.c:71:20:set_server_port	16	static
../Core/Src/ioLibrary_Driver-master/Internet/TFTP/tftp.c:76:24:get_server_port	4	static
../Core/Src/ioLibrary_Driver-master/Internet/TFTP/tftp.c:81:20:set_local_port	16	static
../Core/Src/ioLibrary_Driver-master/Internet/TFTP/tftp.c:97:20:set_tftp_state	16	static
../Core/Src/ioLibrary_Driver-master/Internet/TFTP/tftp.c:102:24:get_tftp_state	4	static
../Core/Src/ioLibrary_Driver-master/Internet/TFTP/tftp.c:117:20:set_block_number	16	static
../Core/Src/ioLibrary_Driver-master/Internet/TFTP/tftp.c:122:24:get_block_number	4	static
../Core/Src/ioLibrary_Driver-master/Internet/TFTP/tftp.c:127:12:open_tftp_socket	24	static
../Core/Src/ioLibrary_Driver-master/Internet/TFTP/tftp.c:144:12:send_udp_packet	40	static
../Core/Src/ioLibrary_Driver-master/Internet/TFTP/tftp.c:168:12:recv_udp_packet	40	static
../Core/Src/ioLibrary_Driver-master/Internet/TFTP/tftp.c:216:13:close_tftp_socket	16	static
../Core/Src/ioLibrary_Driver-master/Internet/TFTP/tftp.c:222:13:init_tftp	8	static
../Core/Src/ioLibrary_Driver-master/Internet/TFTP/tftp.c:240:13:tftp_cancel_timeout	4	static
../Core/Src/ioLibrary_Driver-master/Internet/TFTP/tftp.c:248:13:tftp_reg_timeout	4	static
../Core/Src/ioLibrary_Driver-master/Internet/TFTP/tftp.c:256:13:process_tftp_option	16	static
../Core/Src/ioLibrary_Driver-master/Internet/TFTP/tftp.c:261:13:send_tftp_rrq	1568	static
../Core/Src/ioLibrary_Driver-master/Internet/TFTP/tftp.c:349:13:send_tftp_ack	40	static
../Core/Src/ioLibrary_Driver-master/Internet/TFTP/tftp.c:417:13:recv_tftp_rrq	16	static
../Core/Src/ioLibrary_Driver-master/Internet/TFTP/tftp.c:422:13:recv_tftp_wrq	16	static
../Core/Src/ioLibrary_Driver-master/Internet/TFTP/tftp.c:427:13:recv_tftp_data	32	static
../Core/Src/ioLibrary_Driver-master/Internet/TFTP/tftp.c:481:13:recv_tftp_ack	16	static
../Core/Src/ioLibrary_Driver-master/Internet/TFTP/tftp.c:501:13:recv_tftp_oack	16	static
../Core/Src/ioLibrary_Driver-master/Internet/TFTP/tftp.c:531:13:recv_tftp_error	24	static
../Core/Src/ioLibrary_Driver-master/Internet/TFTP/tftp.c:546:13:recv_tftp_packet	32	static
../Core/Src/ioLibrary_Driver-master/Internet/TFTP/tftp.c:597:6:TFTP_init	16	static
../Core/Src/ioLibrary_Driver-master/Internet/TFTP/tftp.c:605:6:TFTP_exit	8	static
../Core/Src/ioLibrary_Driver-master/Internet/TFTP/tftp.c:615:5:TFTP_run	24	static
../Core/Src/ioLibrary_Driver-master/Internet/TFTP/tftp.c:667:6:TFTP_read_request	16	static
../Core/Src/ioLibrary_Driver-master/Internet/TFTP/tftp.c:678:6:tftp_timeout_handler	4	static
