../Core/Src/main.c:103:6:myPrintf	152	static
../Core/Src/main.c:144:6:wizchipSelect	8	static
../Core/Src/main.c:149:6:wizchipUnselect	8	static
../Core/Src/main.c:154:6:wizchipReadBurst	16	static
../Core/Src/main.c:159:6:wizchipWriteBurst	16	static
../Core/Src/main.c:164:9:wizchipReadByte	16	static
../Core/Src/main.c:171:6:wizchipWriteByte	16	static
../Core/Src/main.c:176:6:wizChipInit	16	static
../Core/Src/main.c:193:9:checkLinkStatus	16	static
../Core/Src/main.c:211:5:main	208	static
../Core/Src/main.c:408:6:SystemClock_Config	72	static
../Core/Src/main.c:445:13:MX_SPI1_Init	8	static
../Core/Src/main.c:485:13:MX_USART2_UART_Init	8	static
../Core/Src/main.c:520:13:MX_GPIO_Init	40	static
../Core/Src/main.c:565:6:Error_Handler	4	static,ignoring_inline_asm
